# command: /mnt/HDD4/wyattsheu/IsaacLab/.venv/bin/python3 /mnt/HDD4/wyattsheu/ITRI/parcel-forge/src/parcel_forge/smoke_s1.py --out /mnt/HDD4/wyattsheu/ITRI/parcel-forge/runs/20260916T042007Z_s1_smoke --profile /mnt/HDD4/wyattsheu/ITRI/parcel-forge/runs/20260916T042007Z_s1_smoke/profile.json
# cwd: /mnt/HDD4/wyattsheu/IsaacLab
# CUDA_VISIBLE_DEVICES=0
#
WARNING: All log messages before absl::InitializeLog() is called are written to STDERR
E0000 00:00:1789532409.465141 2443656 descriptor_database.cc:633] File already exists in database: grpc/health/v1/health.proto
W0000 00:00:1789532409.465206 2443656 message.cc:301] Protobuf GeneratedMessageFactory: File is already registered: grpc/health/v1/health.proto
2026-09-16T04:20:08Z [Info] [carb] Logging to file: /mnt/HDD4/wyattsheu/IsaacLab/.venv/lib/python3.12/site-packages/isaacsim/kit/logs/Kit/Isaac-Sim Python/6.0/kit_20260916_122008.log
[1.058s] [ext: omni.assets.plugins-0.0.0] startup
[1.075s] [ext: omni.blobkey-1.1.2] startup
[1.076s] [ext: omni.kit.async_engine-0.0.3] startup
[1.178s] [ext: omni.client.lib-1.1.1] startup
[1.200s] [ext: omni.client-1.3.0] startup
[1.204s] [ext: omni.protobuf.lib-1.0.0] startup
[1.205s] [ext: omni.grpc.lib-1.0.0] startup
[1.218s] [ext: omni.metrics.core-0.0.3] startup
[1.218s] [ext: omni.datastore-0.0.0] startup
[1.224s] [ext: omni.gpu_foundation.shadercache.vulkan-1.0.0] startup
[1.226s] [ext: omni.hsscclient-1.1.4] startup
[1.227s] [ext: omni.stats-1.0.1] startup
[1.228s] [ext: omni.ujitso.default-1.0.0] startup
[1.232s] [ext: omni.gpu_foundation-0.0.0] startup
[1.573s] [ext: carb.windowing.plugins-1.0.1] startup
[1.574s] [ext: omni.kit.renderer.init-1.0.1] startup
2026-09-16T04:20:09Z [903ms] [Warning] [omni.platforminfo.plugin] failed to open the default display.  Can't verify X Server version.
2026-09-16T04:20:09Z [903ms] [Warning] [omni.rtx] CUDA_VISIBLE_DEVICES environment variable is set.
2026-09-16T04:20:09Z [919ms] [Warning] [omni.rtx] Note CUDA device enumeration and Omniverse device enumeration are different.
2026-09-16T04:20:09Z [919ms] [Warning] [omni.rtx] Setting CUDA_VISIBLE_DEVICES can lead to undesired behavior or crashes.
2026-09-16T04:20:10Z [1,351ms] [Warning] [omni.rtx] Skipping NVIDIA graphics device because the matching CUDA device could not be found: NVIDIA RTX PRO 6000 Blackwell Max-Q Workstation Edition
2026-09-16T04:20:10Z [1,352ms] [Warning] [omni.rtx] Please restart your system if CUDA is known to work in your system, check if the NVIDIA driver is installed and working correctly, or check the MIG instance configuration if MIG is enabled.
2026-09-16T04:20:10Z [1,352ms] [Warning] [omni.rtx] Skipping NVIDIA graphics device because the matching CUDA device could not be found: NVIDIA RTX PRO 6000 Blackwell Max-Q Workstation Edition
2026-09-16T04:20:10Z [1,352ms] [Warning] [omni.rtx] Please restart your system if CUDA is known to work in your system, check if the NVIDIA driver is installed and working correctly, or check the MIG instance configuration if MIG is enabled.

|---------------------------------------------------------------------------------------------|
| Driver Version: 580.126.09    | Graphics API: Vulkan
|=============================================================================================|
| GPU | Name                             | Active | LDA | GPU Memory | Vendor-ID | LUID       |
|     |                                  |        |     |            | Device-ID | UUID       |
|     |                                  |        |     |            | Bus-ID    |            |
|---------------------------------------------------------------------------------------------|
| 0   | NVIDIA RTX PRO 6000 Blackwell .. | Yes: 0 |     | 98133   MB | 10de      | 0          |
|     |                                  |        |     |            | 2bb4      | ef92f209.. |
|     |                                  |        |     |            | 21        |            |
|---------------------------------------------------------------------------------------------|
| 1   | NVIDIA RTX PRO 6000 Blackwell .. |        |     | 98133   MB | 10de      | 0          |
|     |                                  |        |     |            | 2bb4      | 9ea7f276.. |
|     |                                  |        |     |            | e1        |            |
|=============================================================================================|
| OS: 24.04.3 LTS (Noble Numbat) ubuntu, Version: 24.04.3, Kernel: 6.14.0-37-generic
| Processor: AMD Ryzen Threadripper PRO 7955WX 16-Cores
| Cores: 16 | Logical Cores: 32
|---------------------------------------------------------------------------------------------|
| Total Memory (MB): 257242 | Free Memory: 218387
| Total Page/Swap (MB): 8191 | Free Page/Swap: 7594
|---------------------------------------------------------------------------------------------|
2026-09-16T04:20:10Z [1,762ms] [Warning] [omni.rtx] CPU performance profile is set to powersave. This profile sets the CPU to the lowest frequency reducing performance.
2026-09-16T04:20:10Z [1,774ms] [Warning] [omni.rtx] ECC is enabled on physical device 0
[2.682s] [ext: omni.kit.pipapi-0.0.0] startup
[2.683s] [ext: omni.kit.telemetry-0.5.2] startup
[2.726s] [ext: omni.kit.loop-isaac-1.6.0] startup
[2.728s] [ext: omni.kit.test-2.0.7] startup
[2.816s] [ext: omni.materialx.libs-1.0.9] startup
[2.822s] [ext: omni.gpucompute.plugins-0.0.0] startup
[2.823s] [ext: omni.usd.config-1.0.7] startup
[2.826s] [ext: omni.usd.libs-1.0.3] startup
[2.970s] [ext: omni.iray.libs-0.0.1] startup
[3.033s] [ext: omni.mdl-57.0.3] startup
[3.088s] [ext: omni.mdl.neuraylib-0.2.20] startup
[3.090s] [ext: omni.kit.usd.mdl-1.1.9] startup
[3.247s] [ext: omni.appwindow-1.2.2] startup
[3.260s] [ext: omni.kit.renderer.core-1.2.2] startup
2026-09-16T04:20:11Z [2,568ms] [Warning] [carb.windowing-glfw.plugin] GLFW initialization failed.
2026-09-16T04:20:11Z [2,568ms] [Warning] [carb] Failed to startup plugin carb.windowing-glfw.plugin (interfaces: [carb::windowing::IGLContext v1.0],[carb::windowing::IWindowing v1.5]) (impl: carb.windowing-glfw.plugin)
[3.311s] [ext: omni.kit.renderer.capture-2.0.1] startup
[3.313s] [ext: omni.kit.renderer.imgui-2.0.6] startup
2026-09-16T04:20:11Z [2,626ms] [Warning] [carb.windowing-glfw.plugin] GLFW initialization failed.
2026-09-16T04:20:11Z [2,626ms] [Warning] [carb] Failed to startup plugin carb.windowing-glfw.plugin (interfaces: [carb::windowing::IGLContext v1.0],[carb::windowing::IWindowing v1.5]) (impl: carb.windowing-glfw.plugin)
2026-09-16T04:20:11Z [2,627ms] [Warning] [carb.windowing-glfw.plugin] GLFW initialization failed.
2026-09-16T04:20:11Z [2,627ms] [Warning] [carb] Failed to startup plugin carb.windowing-glfw.plugin (interfaces: [carb::windowing::IGLContext v1.0],[carb::windowing::IWindowing v1.5]) (impl: carb.windowing-glfw.plugin)
[3.398s] [ext: omni.ui-3.2.0] startup
[3.413s] [ext: omni.kit.mainwindow-1.0.3] startup
[3.414s] [ext: carb.audio-0.1.0] startup
[3.424s] [ext: omni.uiaudio-1.0.0] startup
[3.429s] [ext: omni.kit.uiapp-0.0.0] startup
[3.429s] [ext: omni.usd.schema.metrics.assembler-110.1.0] startup
[3.436s] [ext: omni.usd.schema.audio-0.0.1] startup
[3.444s] [ext: omni.usd_resolver-1.0.0] startup
[3.452s] [ext: omni.usd.core-1.8.3] startup
[3.465s] [ext: omni.metropolis.schema-0.0.3] startup
[3.466s] [ext: isaacsim.anim.robot.schema-0.1.1] startup
[3.466s] [ext: omni.usd.schema.anim-0.0.1] startup
[3.524s] [ext: omni.usd.schema.geospatial-0.0.1] startup
[3.526s] [ext: omni.usd.schema.omnigraph-1.0.1] startup
[3.530s] [ext: omni.usd.schema.semantics-0.0.0] startup
[3.532s] [ext: omni.activity.core-1.0.3] startup
[3.533s] [ext: omni.cubric-0.1.0] startup
[3.533s] [ext: omni.graph.exec-0.9.6] startup
[3.534s] [ext: omni.hydra.scene_delegate-0.3.5] startup
[3.542s] [ext: usdrt.scenegraph-7.6.3] startup
[3.579s] [ext: omni.hydra.usdrt_delegate-7.5.2] startup
[3.590s] [ext: omni.inspect-1.0.2] startup
[3.592s] [ext: omni.kit.actions.core-1.0.0] startup
[3.599s] [ext: omni.kit.audiodeviceenum-1.0.2] startup
[3.623s] [ext: omni.kit.commands-1.5.0] startup
[3.630s] [ext: omni.kit.exec.core-0.13.5] startup
[3.631s] [ext: omni.kit.usd_undo-0.1.8] startup
[3.631s] [ext: omni.kit.window.popup_dialog-2.0.25] startup
[3.634s] [ext: omni.kit.widget.nucleus_connector-2.3.1] startup
[3.637s] [ext: omni.timeline-1.1.0] startup
[3.639s] [ext: omni.usd-1.16.0] startup
[3.675s] [ext: omni.graph.core-3.1.2] startup
[3.683s] [ext: omni.kit.notification_manager-1.0.11] startup
[3.684s] [ext: isaacsim.core.deprecation_manager-0.4.2] startup
[3.685s] [ext: isaacsim.replicator.agent.schema-0.1.1] startup
[3.685s] [ext: isaacsim.robot.schema-6.3.7] startup
[3.689s] [ext: isaacsim.robot_motion.schema-0.2.1] startup
[3.689s] [ext: omni.anim.behavior.schema-110.1.0] startup
[3.692s] [ext: omni.anim.graph.schema-110.1.1] startup
[3.696s] [ext: omni.anim.navigation.schema-110.1.0] startup
[3.698s] [ext: omni.behavior.tree.schema-110.1.0] startup
[3.698s] [ext: omni.kit.asset_converter-6.0.1] startup
[3.724s] [ext: omni.usd.schema.flow-110.0.0] startup
[3.724s] [ext: omni.usd.schema.mujoco-1.1.1] startup
[3.725s] [ext: omni.usd.schema.newton-1.2.1] startup
[3.725s] [ext: omni.usd.schema.omni_lens_distortion-1.0.0] startup
[3.726s] [ext: omni.usd.schema.omni_projectors-1.0.0] startup
[3.726s] [ext: omni.usd.schema.omni_sensors-0.0.0] startup
[3.732s] [ext: omni.usd.schema.omniscripting-1.0.1] startup
[3.735s] [ext: omni.usd.schema.physical_lighting-0.1.0] startup
[3.740s] [ext: omni.usd.schema.physx-110.1.13] startup
[3.774s] [ext: omni.usd.schema.render_settings.rtx-1.0.2] startup
[3.777s] [ext: omni.usd.schema.usd_particle_field-1.0.0] startup
[3.777s] [ext: isaacsim.core.version-2.1.1] startup
[3.778s] [ext: omni.kit.menu.core-1.2.0] startup
[3.778s] [ext: omni.kit.menu.utils-2.2.4] startup
[3.784s] [ext: isaacsim.app.about-2.3.1] startup
[3.799s] [ext: isaacsim.asset.transformer-1.2.5] startup
[3.801s] [ext: omni.scene.optimizer.core-110.1.0] startup
[3.841s] [ext: isaacsim.asset.importer.utils-1.8.1] startup
[3.843s] [ext: omni.convexdecomposition-110.1.13] startup
[3.845s] [ext: omni.physics-110.1.13] startup
[3.849s] [ext: omni.physx.gpu-110.1.13] startup
[3.852s] [ext: omni.physx.foundation-110.1.13] startup
[3.867s] [ext: omni.usdphysics-110.1.13] startup
[3.874s] [ext: omni.physx.cooking-110.1.13] startup
[3.880s] [ext: omni.physx-110.1.13] startup
[3.916s] [ext: omni.physics.physx-110.1.13] startup
[3.924s] [ext: isaacsim.asset.exporter.urdf-2.0.5] startup
[3.930s] [ext: omni.kit.clipboard-1.1.1] startup
[3.931s] [ext: omni.kit.usd.layers-2.6.1] startup
[3.938s] [ext: omni.kit.widget.context_menu-1.4.0] startup
[3.940s] [ext: omni.kit.context_menu-1.9.0] startup
[3.941s] [ext: omni.kit.helper.file_utils-0.1.10] startup
[3.942s] [ext: omni.kit.widget.nucleus_info-2.0.2] startup
[3.942s] [ext: omni.kit.search_core-1.0.8] startup
[3.943s] [ext: omni.kit.widget.path_field-2.0.13] startup
[3.943s] [ext: omni.kit.widget.browser_bar-2.0.10] startup
[3.944s] [ext: omni.kit.widget.filebrowser-2.13.4] startup
[3.947s] [ext: omni.kit.widget.options_menu-1.1.6] startup
[3.949s] [ext: omni.kit.widget.options_button-1.0.3] startup
[3.949s] [ext: omni.kit.widget.search_delegate-1.0.9] startup
[3.950s] [ext: omni.ui.scene-2.0.3] startup
[3.963s] [ext: omni.kit.window.filepicker-2.15.5] startup
[3.973s] [ext: omni.kit.window.file_importer-1.1.21] startup
[3.976s] [ext: omni.kit.material.library-3.1.2] startup
[3.980s] [ext: isaacsim.asset.transformer.rules-1.7.10] startup
[3.988s] [ext: omni.usdex.libs-2.2.2] startup
[3.994s] [ext: isaacsim.asset.importer.mjcf-3.10.1] startup
[3.996s] [ext: isaacsim.asset.importer.urdf-3.11.2] startup
[4.000s] [ext: omni.kit.primitive.mesh-1.1.0] startup
[4.001s] [ext: omni.kit.stage_template.core-1.1.22] startup
[4.002s] [ext: omni.kit.stage_templates-2.0.2] startup
[4.003s] [ext: omni.usd.metrics.assembler-110.1.2] startup
[4.007s] [ext: omni.warp.core-1.13.0] startup
[4.140s] [ext: isaacsim.core.experimental.utils-0.17.2] startup
[4.141s] [ext: omni.physics.stageupdate-110.1.13] startup
[4.156s] [ext: omni.physics.tensors-110.1.13] startup
[4.169s] [ext: omni.physx.tensors-110.1.13] startup
[4.182s] [ext: isaacsim.core.simulation_manager-1.15.6] startup
[4.193s] [ext: isaacsim.storage.native-1.9.3] startup
[4.194s] [ext: omni.usd.metrics.assembler.physics-110.1.13] startup
[4.195s] [ext: isaacsim.core.utils-4.1.7] startup
[4.197s] [ext: isaacsim.core.prims-0.11.7] startup
[5.429s] [ext: isaacsim.core.api-5.2.13] startup
[5.436s] [ext: isaacsim.core.cloner-1.7.3] startup
[5.437s] [ext: isaacsim.test.docstring-1.3.2] startup
[5.441s] [ext: isaacsim.core.experimental.prims-1.8.9] startup
[5.459s] [ext: isaacsim.core.experimental.primdata-0.3.2] startup
[5.461s] [ext: omni.graph.tools-1.81.0] startup
[5.478s] [ext: omni.graph-1.142.5] startup
[5.508s] [ext: isaacsim.core.experimental.actuators-0.1.2] startup
[5.521s] [ext: isaacsim.core.experimental.materials-0.7.1] startup
[5.524s] [ext: isaacsim.core.experimental.objects-0.8.1] startup
[5.574s] [ext: omni.hydra.engine.stats-1.0.5] startup
[5.576s] [ext: omni.hydra.rtx.shadercache.vulkan-1.0.0] startup
[5.577s] [ext: omni.index.libs-387500.4413.0] startup
[5.577s] [ext: omni.index-1.0.1] startup
[5.577s] [ext: omni.ujitso.client-0.0.0] startup
[5.577s] [ext: omni.usd.schema.playback-1.0.0] startup
[5.580s] [ext: omni.volume-0.5.2] startup
[5.610s] [ext: omni.hydra.rtx-1.0.4] startup
2026-09-16T04:20:13Z [4,936ms] [Warning] [omni.log] Source: omni.hydra was already registered.
[5.707s] [ext: omni.kit.hydra_texture-1.6.0] startup
[5.721s] [ext: omni.kit.raycast.query-1.2.0] startup
[5.726s] [ext: omni.kit.viewport.legacy_gizmos-1.0.24] startup
[5.728s] [ext: omni.kit.viewport.registry-104.0.6] startup
[5.729s] [ext: omni.kit.viewport.scene_camera_model-1.0.7] startup
[5.732s] [ext: omni.kit.widget.viewport-109.2.0] startup
[5.736s] [ext: omni.kit.window.drop_support-1.0.8] startup
[5.736s] [ext: omni.kit.viewport.window-109.0.2] startup
[5.751s] [ext: omni.kit.viewport.utility-2.0.1] startup
[5.752s] [ext: isaacsim.core.rendering_manager-0.4.3] startup
[5.766s] [ext: omni.graph.action_core-1.1.9] startup
[5.778s] [ext: omni.graph.action_nodes_core-2.11.0] startup
[5.788s] [ext: omni.graph.action_nodes-2.11.0] startup
[5.809s] [ext: omni.graph.action-2.10.2] startup
[5.810s] [ext: omni.graph.image.core-0.6.1] startup
[5.812s] [ext: omni.graph.image.nodes-1.3.1] startup
[5.813s] [ext: omni.graph.nodes_core-2.11.0] startup
[5.818s] [ext: omni.graph.nodes-2.12.0] startup
[5.829s] [ext: omni.kit.hotkeys.core-1.3.12] startup
[5.830s] [ext: omni.kit.property.adapter.core-1.1.1] startup
[5.852s] [ext: omni.kit.property.adapter.usd-1.0.5] startup
[5.853s] [ext: omni.kit.widget.filter-1.1.5] startup
[5.854s] [ext: omni.kit.widget.highlight_label-1.0.3] startup
[5.855s] [ext: omni.kit.widget.searchfield-1.1.8] startup
[5.856s] [ext: omni.kit.window.file_exporter-1.0.36] startup
[5.857s] [ext: omni.kit.widget.stage-4.4.0] startup
[5.865s] [ext: omni.kit.window.content_browser_registry-0.0.6] startup
[5.866s] [ext: omni.kit.window.file-2.0.10] startup
[5.868s] [ext: omni.kit.window.content_browser-3.1.8] startup
[5.879s] [ext: omni.kit.window.property-1.15.1] startup
[5.899s] [ext: omni.kit.property.usd-4.9.4] startup
[5.908s] [ext: omni.graph.scriptnode-2.10.2] startup
[5.915s] [ext: omni.kit.widget.searchable_combobox-1.0.7] startup
[5.916s] [ext: omni.kit.widget.settings-2.0.0] startup
[5.918s] [ext: omni.kit.window.preferences-1.8.3] startup
[5.922s] [ext: omni.kit.viewport.menubar.core-107.2.2] startup
[5.932s] [ext: omni.syntheticdata-0.6.15] startup
[5.955s] [ext: omni.replicator.nv-1.1.1] startup
[5.960s] [ext: omni.videoencoding-0.2.1] startup
[5.962s] [ext: omni.replicator.core-1.13.27] startup
2026-09-16T04:20:14Z [5,247ms] [Warning] [pxr.Semantics] pxr.Semantics is deprecated - please use Semantics instead
2026-09-16T04:20:14Z [5,315ms] [Warning] [omni.replicator.core.scripts.extension] No material configuration file, adding configuration to material settings directly.
[6.154s] [ext: isaacsim.core.nodes-5.10.5] startup
[6.182s] [ext: isaacsim.core.throttling-2.3.5] startup
[6.183s] [ext: omni.kit.manipulator.viewport-107.0.1] startup
[6.184s] [ext: omni.graph.visualization.nodes-2.1.4] startup
[6.197s] [ext: omni.kit.window.extensions-1.5.10] startup
[6.201s] [ext: isaacsim.gui.components-1.8.5] startup
[6.205s] [ext: isaacsim.robot.surface_gripper-3.6.2] startup
[6.216s] [ext: isaacsim.robot.manipulators-3.4.4] startup
[6.225s] [ext: isaacsim.robot_motion.lula-4.1.3] startup
[6.232s] [ext: isaacsim.robot_motion.motion_generation-8.2.9] startup
[6.237s] [ext: isaacsim.cortex.framework-1.0.18] startup
[6.238s] [ext: isaacsim.cortex.behaviors-2.0.17] startup
[6.240s] [ext: isaacsim.examples.base-1.3.2] startup
[6.241s] [ext: omni.kit.widget.zoombar-1.0.7] startup
[6.242s] [ext: omni.kit.browser.core-2.3.18] startup
[6.245s] [ext: omni.kit.browser.folder.core-2.0.2] startup
[6.248s] [ext: omni.kit.widget.stage_icons-1.0.8] startup
[6.249s] [ext: omni.kit.window.stage-2.6.1] startup
[6.252s] [ext: omni.kit.menu.stage-1.2.7] startup
[6.253s] [ext: omni.kit.usd.collect-3.0.6] startup
[6.255s] [ext: omni.kit.widget.prompt-1.0.7] startup
[6.256s] [ext: omni.kit.tool.collect-2.2.19] startup
[6.258s] [ext: isaacsim.examples.browser-0.3.2] startup
[6.260s] [ext: omni.kit.search.files-1.0.4] startup
[6.260s] [ext: omni.kit.widget.calendar-1.0.9] startup
[6.262s] [ext: omni.kit.widget.extended_searchfield-1.0.31] startup
[6.268s] [ext: omni.simready.content.browser-0.3.7] startup
[6.343s] [ext: isaacsim.gui.content_browser-0.4.3] startup
[6.346s] [ext: omni.kit.selection-0.1.6] startup
[6.347s] [ext: isaacsim.gui.menu-2.10.5] startup
[6.355s] [ext: isaacsim.gui.property-1.6.4] startup
[6.361s] [ext: omni.kit.viewport.actions-110.0.0] startup
[6.365s] [ext: omni.kit.viewport.menubar.display-107.1.3] startup
[6.366s] [ext: isaacsim.gui.sensors.icon-2.2.1] startup
[6.369s] [ext: omni.behavior.scripting.core-110.1.0] startup
[6.371s] [ext: isaacsim.replicator.behavior-1.5.4] startup
[6.372s] [ext: isaacsim.replicator.experimental.domain_randomization-1.2.5] startup
[6.386s] [ext: isaacsim.replicator.domain_randomization-1.2.2] startup
[6.446s] [ext: isaacsim.replicator.writers-1.5.4] startup
[6.469s] [ext: isaacsim.robot.experimental.wheeled_robots-0.2.11] startup
[6.487s] [ext: isaacsim.robot.policy.examples-5.2.12] startup
[6.504s] [ext: isaacsim.robot.wheeled_robots-5.2.4] startup
[6.507s] [ext: isaacsim.robot.wheeled_robots.nodes-0.1.5] startup
[6.526s] [ext: isaacsim.robot_motion.experimental.motion_generation-6.1.3] startup
[6.537s] [ext: isaacsim.robot_motion.cumotion-1.3.1] startup
[6.549s] [ext: omni.kit.numpy.common-0.1.3] startup
[6.550s] [ext: isaacsim.sensors.camera-1.7.9] startup
[6.573s] [ext: isaacsim.sensors.experimental.physics-3.0.2] startup
[6.580s] [ext: omni.sensors.net-1.0.1] startup
[6.583s] [ext: omni.sensors.nv.common-3.0.0] startup
[6.597s] [ext: omni.sensors.nv.materials-2.0.0] startup
[6.601s] [ext: omni.sensors.nv.acoustic-3.0.0] startup
[6.604s] [ext: omni.sensors.nv.ids-2.0.1] startup
[6.607s] [ext: omni.sensors.nv.lidar-3.0.0] startup
[6.611s] [ext: omni.sensors.nv.radar-3.0.0] startup
[6.615s] [ext: isaacsim.sensors.experimental.rtx-1.4.6] startup
[6.788s] [ext: isaacsim.sensors.physics.nodes-1.5.3] startup
[6.794s] [ext: isaacsim.util.debug_draw-3.2.3] startup
[6.799s] [ext: isaacsim.sensors.physx-2.5.5] startup
[6.806s] [ext: isaacsim.sensors.rtx-15.17.1] startup
[6.818s] [ext: isaacsim.simulation_app-2.18.4] startup
[6.818s] [ext: omni.anim.curve.core-1.6.0] startup
[6.848s] [ext: omni.graph.ui_nodes-2.11.1] startup
[6.877s] [ext: omni.hydra.scene_api-0.1.3] startup
[6.881s] [ext: omni.kit.manipulator.camera-110.0.0] startup
[6.885s] [ext: omni.kit.manipulator.selector-1.1.4] startup
[6.886s] [ext: omni.kit.manipulator.transform-107.0.0] startup
[6.889s] [ext: omni.kit.widget.toolbar-2.1.0] startup
[6.894s] [ext: omni.kit.manipulator.tool.snap-1.5.14] startup
[6.898s] [ext: omni.kit.viewport.manipulator.transform-107.0.4] startup
[6.900s] [ext: omni.kit.manipulator.prim.core-108.0.2] startup
[6.904s] [ext: omni.kit.manipulator.prim.usd-107.0.3] startup
[6.905s] [ext: omni.kit.manipulator.prim-108.0.0] startup
[6.905s] [ext: omni.kit.manipulator.selection-109.0.1] startup
[6.906s] [ext: omni.kit.menu.create-2.0.2] startup
[6.908s] [ext: omni.kit.property.audio-1.0.16] startup
[6.911s] [ext: omni.kit.property.camera-1.0.14] startup
[6.912s] [ext: omni.kit.property.geometry-2.1.2] startup
[6.914s] [ext: omni.kit.property.light-1.0.14] startup
2026-09-16T04:20:15Z [6,248ms] [Warning] [omni.usd] Encountered USD Warnings but USD Diagnostics are currently muted. To view USD Warnings, please set the '/persistent/app/usd/muteUsdDiagnostics' setting to false in Preferences page.
[6.985s] [ext: omni.kit.property.material-1.14.6] startup
[6.990s] [ext: omni.kit.property.render-1.2.2] startup
[6.992s] [ext: omni.kit.property.transform-1.6.9] startup
[6.995s] [ext: omni.kit.property.bundle-1.5.1] startup
[6.996s] [ext: omni.kit.usdz_export-1.1.0] startup
[6.998s] [ext: omni.kit.tool.asset_importer-6.0.1] startup
[7.002s] [ext: omni.kit.ui.actions-1.0.5] startup
[7.004s] [ext: omni.kit.viewport.menubar.camera-107.0.10] startup
[7.008s] [ext: omni.kit.viewport.menubar.lighting-107.3.2] startup
[7.010s] [ext: omni.kit.viewport.menubar.render-110.0.0] startup
[7.011s] [ext: omni.kit.viewport.menubar.settings-110.0.1] startup
[7.014s] [ext: omni.kit.window.console-1.1.9] startup
[7.026s] [ext: omni.kit.window.status_bar-0.1.11] startup
[7.036s] [ext: omni.kit.window.toolbar-3.0.3] startup
[7.038s] [ext: omni.ocio-0.1.1] startup
[7.044s] [ext: omni.physx.commands-110.1.13] startup
[7.047s] [ext: omni.replicator.replicator_yaml-2.0.12] startup
[7.056s] [ext: omni.rtx.window.settings-0.8.0] startup
[7.070s] [ext: omni.rtx.settings.core-0.7.1] startup
[7.072s] [ext: omni.usd.metrics.assembler.ui-110.1.1] startup
[7.078s] [ext: semantics.schema.editor-2.0.2] startup
[7.080s] [ext: semantics.schema.property-2.0.2] startup
[7.082s] [ext: omni.kit.menu.common-2.0.2] startup
[7.083s] [ext: isaacsim.exp.base-6.0.1] startup
[7.083s] [ext: isaacsim.exp.base.python-6.0.1] startup
[7.085s] Simulation App Starting
[9.208s] Simulation App Startup Complete
[9.216s] app ready
Starting kit application with the following args:  ['/mnt/HDD4/wyattsheu/IsaacLab/.venv/lib/python3.12/site-packages/isaacsim/exts/isaacsim.simulation_app/isaacsim/simulation_app/simulation_app.py', '/mnt/HDD4/wyattsheu/IsaacLab/.venv/lib/python3.12/site-packages/isaacsim/apps/isaacsim.exp.base.python.kit', '--/app/tokens/exe-path=/mnt/HDD4/wyattsheu/IsaacLab/.venv/lib/python3.12/site-packages/isaacsim/kit', '--/persistent/app/viewport/displayOptions=3094', '--/rtx/materialDb/syncLoads=True', '--/rtx/hydra/materialSyncLoads=True', '--/omni/kit/plugin/syncUsdLoads=True', '--/app/renderer/resolution/width=1280', '--/app/renderer/resolution/height=720', '--/app/window/width=1440', '--/app/window/height=900', '--/renderer/multiGpu/enabled=True', '--/app/fastShutdown=True', '--/app/installSignalHandlers=0', '--ext-folder', '/mnt/HDD4/wyattsheu/IsaacLab/.venv/lib/python3.12/site-packages/isaacsim/exts', '--ext-folder', '/mnt/HDD4/wyattsheu/IsaacLab/.venv/lib/python3.12/site-packages/isaacsim/apps', '--/physics/cudaDevice=0', '--/plugins/carb.tasking.plugin/threadCount=32', '--/plugins/omni.tbb.globalcontrol/maxThreadCount=32', '--portable', '--no-window', '--/app/window/hideUi=1']
Passing the following args to the base kit application:  ['--out', '/mnt/HDD4/wyattsheu/ITRI/parcel-forge/runs/20260916T042007Z_s1_smoke', '--profile', '/mnt/HDD4/wyattsheu/ITRI/parcel-forge/runs/20260916T042007Z_s1_smoke/profile.json']
Warp 1.13.0 initialized:
   CUDA Toolkit 12.9, Driver 13.0
   Devices:
     "cpu"      : "x86_64"
     "cuda:0"   : "NVIDIA RTX PRO 6000 Blackwell Max-Q Workstation Edition" (95 GiB, sm_120, mempool enabled)
   Kernel cache:
     /mnt/HDD4/wyattsheu/.cache/warp/1.13.0
[S1] pass       S1.finite_steps: executed 600/600 steps, ended at t=2.5250s
[S1] pass       S1.no_nan: all pose/velocity samples finite
[S1] pass       S1.free_fall_matches_analytic: at t=0.1000s fell 0.05109 m, analytic 0.04905 m, error 0.00204 m (tolerance 0.003 m)
[S1] pass       S1.cube_rests_on_ground: final z=0.02000 m, expected 0.02000 m (half edge), error 0.00000 m (tolerance 0.002 m)
[S1] pass       S1.settled: final |v|=0.000061 m/s (tolerance 0.01 m/s)
[S1] pass       S1.no_tunneling: final z=0.02000 m is above the ground plane
[S1] pass       S1.render_png_not_blank: 1280x720 png, 104761 bytes, mean_r=226.8158, distinct_r=98
[S1] not_tested S1.webrtc_human_view: this run never enabled livestream; only a human can confirm a WebRTC view
[S1] verdict=pass
Currently unsupported type (unknown) for UsdAttribute.Get() at <invalid UsdAttribute>
Currently unsupported type (unknown) for UsdAttribute.Get() at <invalid UsdAttribute>
Currently unsupported type (unknown) for UsdAttribute.Get() at <invalid UsdAttribute>
Currently unsupported type (unknown) for UsdAttribute.Get() at <invalid UsdAttribute>
Currently unsupported type (unknown) for UsdAttribute.Get() at <invalid UsdAttribute>
Currently unsupported type (unknown) for UsdAttribute.Get() at <invalid UsdAttribute>
[9.750s] [ext: omni.physx.fabric-110.1.13] startup
2026-09-16T04:20:18Z [9,147ms] [Warning] [isaacsim.core.simulation_manager.impl.simulation_manager] Changing backend from 'numpy' to 'torch' since NumPy cannot be used with GPU piplines
2026-09-16T04:20:20Z [11,236ms] [Warning] [omni.syntheticdata.plugin] OgnSdPostRenderVarToHost : rendervar copy from texture directly to host buffer is counter-performant. Please use copy from texture to device buffer first.
[13.339s] Simulation App Shutting Down
