# command: /mnt/HDD4/wyattsheu/IsaacLab/.venv/bin/python3 /mnt/HDD4/wyattsheu/ITRI/parcel-forge/src/parcel_forge/box_s2.py --out /mnt/HDD4/wyattsheu/ITRI/parcel-forge/runs/20260916T053123Z_s2_open_box_normal --case /mnt/HDD4/wyattsheu/ITRI/parcel-forge/runs/20260916T053123Z_s2_open_box_normal/request.json --profile /mnt/HDD4/wyattsheu/ITRI/parcel-forge/runs/20260916T053123Z_s2_open_box_normal/profile.json
# cwd: /mnt/HDD4/wyattsheu/IsaacLab
# CUDA_VISIBLE_DEVICES=0
#
WARNING: All log messages before absl::InitializeLog() is called are written to STDERR
E0000 00:00:1789536687.315593 2473545 descriptor_database.cc:633] File already exists in database: grpc/health/v1/health.proto
W0000 00:00:1789536687.315632 2473545 message.cc:301] Protobuf GeneratedMessageFactory: File is already registered: grpc/health/v1/health.proto
2026-09-16T05:31:27Z [Info] [carb] Logging to file: /mnt/HDD4/wyattsheu/IsaacLab/.venv/lib/python3.12/site-packages/isaacsim/kit/logs/Kit/Isaac-Sim Python/6.0/kit_20260916_133127.log
[3.384s] [ext: omni.assets.plugins-0.0.0] startup
[3.386s] [ext: omni.blobkey-1.1.2] startup
[3.386s] [ext: omni.kit.async_engine-0.0.3] startup
[3.485s] [ext: omni.client.lib-1.1.1] startup
[3.496s] [ext: omni.client-1.3.0] startup
[3.500s] [ext: omni.protobuf.lib-1.0.0] startup
[3.501s] [ext: omni.grpc.lib-1.0.0] startup
[3.506s] [ext: omni.metrics.core-0.0.3] startup
[3.506s] [ext: omni.datastore-0.0.0] startup
[3.507s] [ext: omni.gpu_foundation.shadercache.vulkan-1.0.0] startup
[3.509s] [ext: omni.hsscclient-1.1.4] startup
[3.509s] [ext: omni.stats-1.0.1] startup
[3.510s] [ext: omni.ujitso.default-1.0.0] startup
[3.514s] [ext: omni.gpu_foundation-0.0.0] startup
[3.807s] [ext: carb.windowing.plugins-1.0.1] startup
[3.807s] [ext: omni.kit.renderer.init-1.0.1] startup
2026-09-16T05:31:27Z [585ms] [Warning] [omni.platforminfo.plugin] failed to open the default display.  Can't verify X Server version.
2026-09-16T05:31:27Z [601ms] [Warning] [omni.rtx] CUDA_VISIBLE_DEVICES environment variable is set.
2026-09-16T05:31:27Z [602ms] [Warning] [omni.rtx] Note CUDA device enumeration and Omniverse device enumeration are different.
2026-09-16T05:31:27Z [602ms] [Warning] [omni.rtx] Setting CUDA_VISIBLE_DEVICES can lead to undesired behavior or crashes.
2026-09-16T05:31:28Z [1,004ms] [Warning] [omni.rtx] Skipping NVIDIA graphics device because the matching CUDA device could not be found: NVIDIA RTX PRO 6000 Blackwell Max-Q Workstation Edition
2026-09-16T05:31:28Z [1,004ms] [Warning] [omni.rtx] Please restart your system if CUDA is known to work in your system, check if the NVIDIA driver is installed and working correctly, or check the MIG instance configuration if MIG is enabled.
2026-09-16T05:31:28Z [1,004ms] [Warning] [omni.rtx] Skipping NVIDIA graphics device because the matching CUDA device could not be found: NVIDIA RTX PRO 6000 Blackwell Max-Q Workstation Edition
2026-09-16T05:31:28Z [1,004ms] [Warning] [omni.rtx] Please restart your system if CUDA is known to work in your system, check if the NVIDIA driver is installed and working correctly, or check the MIG instance configuration if MIG is enabled.

|---------------------------------------------------------------------------------------------|
| Driver Version: 580.126.09    | Graphics API: Vulkan
|=============================================================================================|
| GPU | Name                             | Active | LDA | GPU Memory | Vendor-ID | LUID       |
|     |                                  |        |     |            | Device-ID | UUID       |
|     |                                  |        |     |            | Bus-ID    |            |
|---------------------------------------------------------------------------------------------|
| 0   | NVIDIA RTX PRO 6000 Blackwell .. | Yes: 0 |     | 98133   MB | 10de      | 0          |
|     |                                  |        |     |            | 2bb4      | ef92f209.. |
|     |                                  |        |     |            | 21        |            |
|---------------------------------------------------------------------------------------------|
| 1   | NVIDIA RTX PRO 6000 Blackwell .. |        |     | 98133   MB | 10de      | 0          |
|     |                                  |        |     |            | 2bb4      | 9ea7f276.. |
|     |                                  |        |     |            | e1        |            |
|=============================================================================================|
| OS: 24.04.3 LTS (Noble Numbat) ubuntu, Version: 24.04.3, Kernel: 6.14.0-37-generic
| Processor: AMD Ryzen Threadripper PRO 7955WX 16-Cores
| Cores: 16 | Logical Cores: 32
|---------------------------------------------------------------------------------------------|
| Total Memory (MB): 257242 | Free Memory: 219397
| Total Page/Swap (MB): 8191 | Free Page/Swap: 7595
|---------------------------------------------------------------------------------------------|
2026-09-16T05:31:28Z [1,384ms] [Warning] [omni.rtx] CPU performance profile is set to powersave. This profile sets the CPU to the lowest frequency reducing performance.
2026-09-16T05:31:28Z [1,395ms] [Warning] [omni.rtx] ECC is enabled on physical device 0
[4.901s] [ext: omni.kit.pipapi-0.0.0] startup
[4.902s] [ext: omni.kit.telemetry-0.5.2] startup
[4.945s] [ext: omni.kit.loop-isaac-1.6.0] startup
[4.946s] [ext: omni.kit.test-2.0.7] startup
[4.995s] [ext: omni.materialx.libs-1.0.9] startup
[5.001s] [ext: omni.gpucompute.plugins-0.0.0] startup
[5.002s] [ext: omni.usd.config-1.0.7] startup
[5.005s] [ext: omni.usd.libs-1.0.3] startup
[5.078s] [ext: omni.iray.libs-0.0.1] startup
[5.083s] [ext: omni.mdl-57.0.3] startup
[5.133s] [ext: omni.mdl.neuraylib-0.2.20] startup
[5.135s] [ext: omni.kit.usd.mdl-1.1.9] startup
[5.228s] [ext: omni.appwindow-1.2.2] startup
[5.230s] [ext: omni.kit.renderer.core-1.2.2] startup
2026-09-16T05:31:29Z [1,971ms] [Warning] [carb.windowing-glfw.plugin] GLFW initialization failed.
2026-09-16T05:31:29Z [1,971ms] [Warning] [carb] Failed to startup plugin carb.windowing-glfw.plugin (interfaces: [carb::windowing::IGLContext v1.0],[carb::windowing::IWindowing v1.5]) (impl: carb.windowing-glfw.plugin)
[5.263s] [ext: omni.kit.renderer.capture-2.0.1] startup
[5.265s] [ext: omni.kit.renderer.imgui-2.0.6] startup
2026-09-16T05:31:29Z [1,996ms] [Warning] [carb.windowing-glfw.plugin] GLFW initialization failed.
2026-09-16T05:31:29Z [1,996ms] [Warning] [carb] Failed to startup plugin carb.windowing-glfw.plugin (interfaces: [carb::windowing::IGLContext v1.0],[carb::windowing::IWindowing v1.5]) (impl: carb.windowing-glfw.plugin)
2026-09-16T05:31:29Z [1,997ms] [Warning] [carb.windowing-glfw.plugin] GLFW initialization failed.
2026-09-16T05:31:29Z [1,997ms] [Warning] [carb] Failed to startup plugin carb.windowing-glfw.plugin (interfaces: [carb::windowing::IGLContext v1.0],[carb::windowing::IWindowing v1.5]) (impl: carb.windowing-glfw.plugin)
[5.317s] [ext: omni.ui-3.2.0] startup
[5.325s] [ext: omni.kit.mainwindow-1.0.3] startup
[5.326s] [ext: carb.audio-0.1.0] startup
[5.331s] [ext: omni.uiaudio-1.0.0] startup
[5.331s] [ext: omni.kit.uiapp-0.0.0] startup
[5.331s] [ext: omni.usd.schema.metrics.assembler-110.1.0] startup
[5.334s] [ext: omni.usd.schema.audio-0.0.1] startup
[5.336s] [ext: omni.usd_resolver-1.0.0] startup
[5.339s] [ext: omni.usd.core-1.8.3] startup
[5.343s] [ext: omni.metropolis.schema-0.0.3] startup
[5.343s] [ext: isaacsim.anim.robot.schema-0.1.1] startup
[5.344s] [ext: omni.usd.schema.anim-0.0.1] startup
[5.358s] [ext: omni.usd.schema.geospatial-0.0.1] startup
[5.360s] [ext: omni.usd.schema.omnigraph-1.0.1] startup
[5.365s] [ext: omni.usd.schema.semantics-0.0.0] startup
[5.367s] [ext: omni.activity.core-1.0.3] startup
[5.368s] [ext: omni.cubric-0.1.0] startup
[5.368s] [ext: omni.graph.exec-0.9.6] startup
[5.368s] [ext: omni.hydra.scene_delegate-0.3.5] startup
[5.372s] [ext: usdrt.scenegraph-7.6.3] startup
[5.394s] [ext: omni.hydra.usdrt_delegate-7.5.2] startup
[5.400s] [ext: omni.inspect-1.0.2] startup
[5.401s] [ext: omni.kit.actions.core-1.0.0] startup
[5.403s] [ext: omni.kit.audiodeviceenum-1.0.2] startup
[5.404s] [ext: omni.kit.commands-1.5.0] startup
[5.406s] [ext: omni.kit.exec.core-0.13.5] startup
[5.408s] [ext: omni.kit.usd_undo-0.1.8] startup
[5.408s] [ext: omni.kit.window.popup_dialog-2.0.25] startup
[5.411s] [ext: omni.kit.widget.nucleus_connector-2.3.1] startup
[5.417s] [ext: omni.timeline-1.1.0] startup
[5.419s] [ext: omni.usd-1.16.0] startup
[5.452s] [ext: omni.graph.core-3.1.2] startup
[5.455s] [ext: omni.kit.notification_manager-1.0.11] startup
[5.456s] [ext: isaacsim.core.deprecation_manager-0.4.2] startup
[5.456s] [ext: isaacsim.replicator.agent.schema-0.1.1] startup
[5.457s] [ext: isaacsim.robot.schema-6.3.7] startup
[5.461s] [ext: isaacsim.robot_motion.schema-0.2.1] startup
[5.461s] [ext: omni.anim.behavior.schema-110.1.0] startup
[5.464s] [ext: omni.anim.graph.schema-110.1.1] startup
[5.469s] [ext: omni.anim.navigation.schema-110.1.0] startup
[5.472s] [ext: omni.behavior.tree.schema-110.1.0] startup
[5.472s] [ext: omni.kit.asset_converter-6.0.1] startup
[5.483s] [ext: omni.usd.schema.flow-110.0.0] startup
[5.484s] [ext: omni.usd.schema.mujoco-1.1.1] startup
[5.484s] [ext: omni.usd.schema.newton-1.2.1] startup
[5.485s] [ext: omni.usd.schema.omni_lens_distortion-1.0.0] startup
[5.485s] [ext: omni.usd.schema.omni_projectors-1.0.0] startup
[5.485s] [ext: omni.usd.schema.omni_sensors-0.0.0] startup
[5.491s] [ext: omni.usd.schema.omniscripting-1.0.1] startup
[5.495s] [ext: omni.usd.schema.physical_lighting-0.1.0] startup
[5.498s] [ext: omni.usd.schema.physx-110.1.13] startup
[5.527s] [ext: omni.usd.schema.render_settings.rtx-1.0.2] startup
[5.531s] [ext: omni.usd.schema.usd_particle_field-1.0.0] startup
[5.531s] [ext: isaacsim.core.version-2.1.1] startup
[5.532s] [ext: omni.kit.menu.core-1.2.0] startup
[5.532s] [ext: omni.kit.menu.utils-2.2.4] startup
[5.539s] [ext: isaacsim.app.about-2.3.1] startup
[5.544s] [ext: isaacsim.asset.transformer-1.2.5] startup
[5.547s] [ext: omni.scene.optimizer.core-110.1.0] startup
[5.588s] [ext: isaacsim.asset.importer.utils-1.8.1] startup
[5.590s] [ext: omni.convexdecomposition-110.1.13] startup
[5.593s] [ext: omni.physics-110.1.13] startup
[5.595s] [ext: omni.physx.gpu-110.1.13] startup
[5.595s] [ext: omni.physx.foundation-110.1.13] startup
[5.597s] [ext: omni.usdphysics-110.1.13] startup
[5.598s] [ext: omni.physx.cooking-110.1.13] startup
[5.600s] [ext: omni.physx-110.1.13] startup
[5.608s] [ext: omni.physics.physx-110.1.13] startup
[5.610s] [ext: isaacsim.asset.exporter.urdf-2.0.5] startup
[5.616s] [ext: omni.kit.clipboard-1.1.1] startup
[5.617s] [ext: omni.kit.usd.layers-2.6.1] startup
[5.623s] [ext: omni.kit.widget.context_menu-1.4.0] startup
[5.624s] [ext: omni.kit.context_menu-1.9.0] startup
[5.625s] [ext: omni.kit.helper.file_utils-0.1.10] startup
[5.626s] [ext: omni.kit.widget.nucleus_info-2.0.2] startup
[5.627s] [ext: omni.kit.search_core-1.0.8] startup
[5.627s] [ext: omni.kit.widget.path_field-2.0.13] startup
[5.628s] [ext: omni.kit.widget.browser_bar-2.0.10] startup
[5.628s] [ext: omni.kit.widget.filebrowser-2.13.4] startup
[5.632s] [ext: omni.kit.widget.options_menu-1.1.6] startup
[5.634s] [ext: omni.kit.widget.options_button-1.0.3] startup
[5.634s] [ext: omni.kit.widget.search_delegate-1.0.9] startup
[5.635s] [ext: omni.ui.scene-2.0.3] startup
[5.640s] [ext: omni.kit.window.filepicker-2.15.5] startup
[5.650s] [ext: omni.kit.window.file_importer-1.1.21] startup
[5.652s] [ext: omni.kit.material.library-3.1.2] startup
[5.656s] [ext: isaacsim.asset.transformer.rules-1.7.10] startup
[5.663s] [ext: omni.usdex.libs-2.2.2] startup
[5.670s] [ext: isaacsim.asset.importer.mjcf-3.10.1] startup
[5.671s] [ext: isaacsim.asset.importer.urdf-3.11.2] startup
[5.674s] [ext: omni.kit.primitive.mesh-1.1.0] startup
[5.676s] [ext: omni.kit.stage_template.core-1.1.22] startup
[5.677s] [ext: omni.kit.stage_templates-2.0.2] startup
[5.678s] [ext: omni.usd.metrics.assembler-110.1.2] startup
[5.680s] [ext: omni.warp.core-1.13.0] startup
[5.817s] [ext: isaacsim.core.experimental.utils-0.17.2] startup
[5.818s] [ext: omni.physics.stageupdate-110.1.13] startup
[5.820s] [ext: omni.physics.tensors-110.1.13] startup
[5.824s] [ext: omni.physx.tensors-110.1.13] startup
[5.828s] [ext: isaacsim.core.simulation_manager-1.15.6] startup
[5.841s] [ext: isaacsim.storage.native-1.9.3] startup
[5.842s] [ext: omni.usd.metrics.assembler.physics-110.1.13] startup
[5.843s] [ext: isaacsim.core.utils-4.1.7] startup
[5.846s] [ext: isaacsim.core.prims-0.11.7] startup
[6.889s] [ext: isaacsim.core.api-5.2.13] startup
[6.896s] [ext: isaacsim.core.cloner-1.7.3] startup
[6.897s] [ext: isaacsim.test.docstring-1.3.2] startup
[6.900s] [ext: isaacsim.core.experimental.prims-1.8.9] startup
[6.918s] [ext: isaacsim.core.experimental.primdata-0.3.2] startup
[6.920s] [ext: omni.graph.tools-1.81.0] startup
[6.936s] [ext: omni.graph-1.142.5] startup
[6.964s] [ext: isaacsim.core.experimental.actuators-0.1.2] startup
[6.977s] [ext: isaacsim.core.experimental.materials-0.7.1] startup
[6.980s] [ext: isaacsim.core.experimental.objects-0.8.1] startup
[7.028s] [ext: omni.hydra.engine.stats-1.0.5] startup
[7.030s] [ext: omni.hydra.rtx.shadercache.vulkan-1.0.0] startup
[7.031s] [ext: omni.index.libs-387500.4413.0] startup
[7.031s] [ext: omni.index-1.0.1] startup
[7.032s] [ext: omni.ujitso.client-0.0.0] startup
[7.032s] [ext: omni.usd.schema.playback-1.0.0] startup
[7.034s] [ext: omni.volume-0.5.2] startup
[7.039s] [ext: omni.hydra.rtx-1.0.4] startup
2026-09-16T05:31:30Z [3,780ms] [Warning] [omni.log] Source: omni.hydra was already registered.
[7.076s] [ext: omni.kit.hydra_texture-1.6.0] startup
[7.081s] [ext: omni.kit.raycast.query-1.2.0] startup
[7.084s] [ext: omni.kit.viewport.legacy_gizmos-1.0.24] startup
[7.087s] [ext: omni.kit.viewport.registry-104.0.6] startup
[7.087s] [ext: omni.kit.viewport.scene_camera_model-1.0.7] startup
[7.091s] [ext: omni.kit.widget.viewport-109.2.0] startup
[7.094s] [ext: omni.kit.window.drop_support-1.0.8] startup
[7.094s] [ext: omni.kit.viewport.window-109.0.2] startup
[7.109s] [ext: omni.kit.viewport.utility-2.0.1] startup
[7.110s] [ext: isaacsim.core.rendering_manager-0.4.3] startup
[7.125s] [ext: omni.graph.action_core-1.1.9] startup
[7.128s] [ext: omni.graph.action_nodes_core-2.11.0] startup
[7.131s] [ext: omni.graph.action_nodes-2.11.0] startup
[7.151s] [ext: omni.graph.action-2.10.2] startup
[7.152s] [ext: omni.graph.image.core-0.6.1] startup
[7.153s] [ext: omni.graph.image.nodes-1.3.1] startup
[7.155s] [ext: omni.graph.nodes_core-2.11.0] startup
[7.162s] [ext: omni.graph.nodes-2.12.0] startup
[7.168s] [ext: omni.kit.hotkeys.core-1.3.12] startup
[7.169s] [ext: omni.kit.property.adapter.core-1.1.1] startup
[7.181s] [ext: omni.kit.property.adapter.usd-1.0.5] startup
[7.182s] [ext: omni.kit.widget.filter-1.1.5] startup
[7.183s] [ext: omni.kit.widget.highlight_label-1.0.3] startup
[7.183s] [ext: omni.kit.widget.searchfield-1.1.8] startup
[7.184s] [ext: omni.kit.window.file_exporter-1.0.36] startup
[7.185s] [ext: omni.kit.widget.stage-4.4.0] startup
[7.192s] [ext: omni.kit.window.content_browser_registry-0.0.6] startup
[7.193s] [ext: omni.kit.window.file-2.0.10] startup
[7.195s] [ext: omni.kit.window.content_browser-3.1.8] startup
[7.205s] [ext: omni.kit.window.property-1.15.1] startup
[7.215s] [ext: omni.kit.property.usd-4.9.4] startup
[7.223s] [ext: omni.graph.scriptnode-2.10.2] startup
[7.231s] [ext: omni.kit.widget.searchable_combobox-1.0.7] startup
[7.232s] [ext: omni.kit.widget.settings-2.0.0] startup
[7.234s] [ext: omni.kit.window.preferences-1.8.3] startup
[7.238s] [ext: omni.kit.viewport.menubar.core-107.2.2] startup
[7.249s] [ext: omni.syntheticdata-0.6.15] startup
[7.274s] [ext: omni.replicator.nv-1.1.1] startup
[7.279s] [ext: omni.videoencoding-0.2.1] startup
[7.281s] [ext: omni.replicator.core-1.13.27] startup
2026-09-16T05:31:31Z [4,016ms] [Warning] [pxr.Semantics] pxr.Semantics is deprecated - please use Semantics instead
2026-09-16T05:31:31Z [4,087ms] [Warning] [omni.replicator.core.scripts.extension] No material configuration file, adding configuration to material settings directly.
[7.479s] [ext: isaacsim.core.nodes-5.10.5] startup
[7.509s] [ext: isaacsim.core.throttling-2.3.5] startup
[7.510s] [ext: omni.kit.manipulator.viewport-107.0.1] startup
[7.511s] [ext: omni.graph.visualization.nodes-2.1.4] startup
[7.524s] [ext: omni.kit.window.extensions-1.5.10] startup
[7.529s] [ext: isaacsim.gui.components-1.8.5] startup
[7.533s] [ext: isaacsim.robot.surface_gripper-3.6.2] startup
[7.543s] [ext: isaacsim.robot.manipulators-3.4.4] startup
[7.554s] [ext: isaacsim.robot_motion.lula-4.1.3] startup
[7.561s] [ext: isaacsim.robot_motion.motion_generation-8.2.9] startup
[7.567s] [ext: isaacsim.cortex.framework-1.0.18] startup
[7.569s] [ext: isaacsim.cortex.behaviors-2.0.17] startup
[7.570s] [ext: isaacsim.examples.base-1.3.2] startup
[7.572s] [ext: omni.kit.widget.zoombar-1.0.7] startup
[7.573s] [ext: omni.kit.browser.core-2.3.18] startup
[7.577s] [ext: omni.kit.browser.folder.core-2.0.2] startup
[7.580s] [ext: omni.kit.widget.stage_icons-1.0.8] startup
[7.582s] [ext: omni.kit.window.stage-2.6.1] startup
[7.585s] [ext: omni.kit.menu.stage-1.2.7] startup
[7.587s] [ext: omni.kit.usd.collect-3.0.6] startup
[7.589s] [ext: omni.kit.widget.prompt-1.0.7] startup
[7.590s] [ext: omni.kit.tool.collect-2.2.19] startup
[7.592s] [ext: isaacsim.examples.browser-0.3.2] startup
[7.594s] [ext: omni.kit.search.files-1.0.4] startup
[7.595s] [ext: omni.kit.widget.calendar-1.0.9] startup
[7.596s] [ext: omni.kit.widget.extended_searchfield-1.0.31] startup
[7.604s] [ext: omni.simready.content.browser-0.3.7] startup
[7.685s] [ext: isaacsim.gui.content_browser-0.4.3] startup
[7.688s] [ext: omni.kit.selection-0.1.6] startup
[7.689s] [ext: isaacsim.gui.menu-2.10.5] startup
[7.696s] [ext: isaacsim.gui.property-1.6.4] startup
[7.701s] [ext: omni.kit.viewport.actions-110.0.0] startup
[7.704s] [ext: omni.kit.viewport.menubar.display-107.1.3] startup
[7.706s] [ext: isaacsim.gui.sensors.icon-2.2.1] startup
[7.708s] [ext: omni.behavior.scripting.core-110.1.0] startup
[7.711s] [ext: isaacsim.replicator.behavior-1.5.4] startup
[7.711s] [ext: isaacsim.replicator.experimental.domain_randomization-1.2.5] startup
[7.725s] [ext: isaacsim.replicator.domain_randomization-1.2.2] startup
[7.788s] [ext: isaacsim.replicator.writers-1.5.4] startup
[7.809s] [ext: isaacsim.robot.experimental.wheeled_robots-0.2.11] startup
[7.828s] [ext: isaacsim.robot.policy.examples-5.2.12] startup
[7.845s] [ext: isaacsim.robot.wheeled_robots-5.2.4] startup
[7.850s] [ext: isaacsim.robot.wheeled_robots.nodes-0.1.5] startup
[7.868s] [ext: isaacsim.robot_motion.experimental.motion_generation-6.1.3] startup
[7.877s] [ext: isaacsim.robot_motion.cumotion-1.3.1] startup
[7.888s] [ext: omni.kit.numpy.common-0.1.3] startup
[7.890s] [ext: isaacsim.sensors.camera-1.7.9] startup
[7.914s] [ext: isaacsim.sensors.experimental.physics-3.0.2] startup
[7.922s] [ext: omni.sensors.net-1.0.1] startup
[7.924s] [ext: omni.sensors.nv.common-3.0.0] startup
[7.940s] [ext: omni.sensors.nv.materials-2.0.0] startup
[7.944s] [ext: omni.sensors.nv.acoustic-3.0.0] startup
[7.948s] [ext: omni.sensors.nv.ids-2.0.1] startup
[7.950s] [ext: omni.sensors.nv.lidar-3.0.0] startup
[7.955s] [ext: omni.sensors.nv.radar-3.0.0] startup
[7.958s] [ext: isaacsim.sensors.experimental.rtx-1.4.6] startup
[8.132s] [ext: isaacsim.sensors.physics.nodes-1.5.3] startup
[8.139s] [ext: isaacsim.util.debug_draw-3.2.3] startup
[8.146s] [ext: isaacsim.sensors.physx-2.5.5] startup
[8.156s] [ext: isaacsim.sensors.rtx-15.17.1] startup
[8.169s] [ext: isaacsim.simulation_app-2.18.4] startup
[8.169s] [ext: omni.anim.curve.core-1.6.0] startup
[8.181s] [ext: omni.graph.ui_nodes-2.11.1] startup
[8.205s] [ext: omni.hydra.scene_api-0.1.3] startup
[8.210s] [ext: omni.kit.manipulator.camera-110.0.0] startup
[8.214s] [ext: omni.kit.manipulator.selector-1.1.4] startup
[8.215s] [ext: omni.kit.manipulator.transform-107.0.0] startup
[8.218s] [ext: omni.kit.widget.toolbar-2.1.0] startup
[8.224s] [ext: omni.kit.manipulator.tool.snap-1.5.14] startup
[8.227s] [ext: omni.kit.viewport.manipulator.transform-107.0.4] startup
[8.229s] [ext: omni.kit.manipulator.prim.core-108.0.2] startup
[8.234s] [ext: omni.kit.manipulator.prim.usd-107.0.3] startup
[8.235s] [ext: omni.kit.manipulator.prim-108.0.0] startup
[8.235s] [ext: omni.kit.manipulator.selection-109.0.1] startup
[8.237s] [ext: omni.kit.menu.create-2.0.2] startup
[8.238s] [ext: omni.kit.property.audio-1.0.16] startup
[8.241s] [ext: omni.kit.property.camera-1.0.14] startup
[8.243s] [ext: omni.kit.property.geometry-2.1.2] startup
[8.245s] [ext: omni.kit.property.light-1.0.14] startup
2026-09-16T05:31:32Z [4,995ms] [Warning] [omni.usd] Encountered USD Warnings but USD Diagnostics are currently muted. To view USD Warnings, please set the '/persistent/app/usd/muteUsdDiagnostics' setting to false in Preferences page.
[8.275s] [ext: omni.kit.property.material-1.14.6] startup
[8.280s] [ext: omni.kit.property.render-1.2.2] startup
[8.281s] [ext: omni.kit.property.transform-1.6.9] startup
[8.284s] [ext: omni.kit.property.bundle-1.5.1] startup
[8.285s] [ext: omni.kit.usdz_export-1.1.0] startup
[8.288s] [ext: omni.kit.tool.asset_importer-6.0.1] startup
[8.292s] [ext: omni.kit.ui.actions-1.0.5] startup
[8.293s] [ext: omni.kit.viewport.menubar.camera-107.0.10] startup
[8.297s] [ext: omni.kit.viewport.menubar.lighting-107.3.2] startup
[8.299s] [ext: omni.kit.viewport.menubar.render-110.0.0] startup
[8.300s] [ext: omni.kit.viewport.menubar.settings-110.0.1] startup
[8.303s] [ext: omni.kit.window.console-1.1.9] startup
[8.307s] [ext: omni.kit.window.status_bar-0.1.11] startup
[8.309s] [ext: omni.kit.window.toolbar-3.0.3] startup
[8.311s] [ext: omni.ocio-0.1.1] startup
[8.312s] [ext: omni.physx.commands-110.1.13] startup
[8.315s] [ext: omni.replicator.replicator_yaml-2.0.12] startup
[8.324s] [ext: omni.rtx.window.settings-0.8.0] startup
[8.327s] [ext: omni.rtx.settings.core-0.7.1] startup
[8.330s] [ext: omni.usd.metrics.assembler.ui-110.1.1] startup
[8.336s] [ext: semantics.schema.editor-2.0.2] startup
[8.338s] [ext: semantics.schema.property-2.0.2] startup
[8.339s] [ext: omni.kit.menu.common-2.0.2] startup
[8.340s] [ext: isaacsim.exp.base-6.0.1] startup
[8.340s] [ext: isaacsim.exp.base.python-6.0.1] startup
[8.342s] Simulation App Starting
[9.924s] Simulation App Startup Complete
[9.931s] app ready
