# command: /mnt/HDD4/wyattsheu/IsaacLab/.venv/bin/python3 /mnt/HDD4/wyattsheu/ITRI/parcel-forge/src/parcel_forge/view_scene.py --usd /mnt/HDD4/wyattsheu/ITRI/parcel-forge/runs/20260916T141357Z_s2_open_box_normal/asset.usda --hold-seconds 600
# cwd: /mnt/HDD4/wyattsheu/IsaacLab
# CUDA_VISIBLE_DEVICES=0
#
WARNING: All log messages before absl::InitializeLog() is called are written to STDERR
E0000 00:00:1789568424.890803 2733484 descriptor_database.cc:633] File already exists in database: grpc/health/v1/health.proto
W0000 00:00:1789568424.890845 2733484 message.cc:301] Protobuf GeneratedMessageFactory: File is already registered: grpc/health/v1/health.proto
2026-09-16T14:20:24Z [Info] [carb] Logging to file: /mnt/HDD4/wyattsheu/IsaacLab/.venv/lib/python3.12/site-packages/isaacsim/kit/logs/Kit/Isaac-Sim Python/6.0/kit_20260916_222024.log
[0.047s] [ext: omni.assets.plugins-0.0.0] startup
[0.048s] [ext: omni.blobkey-1.1.2] startup
[0.049s] [ext: omni.kit.async_engine-0.0.3] startup
[0.142s] [ext: omni.client.lib-1.1.1] startup
[0.153s] [ext: omni.client-1.3.0] startup
[0.156s] [ext: omni.protobuf.lib-1.0.0] startup
[0.158s] [ext: omni.grpc.lib-1.0.0] startup
[0.162s] [ext: omni.metrics.core-0.0.3] startup
[0.162s] [ext: omni.datastore-0.0.0] startup
[0.163s] [ext: omni.gpu_foundation.shadercache.vulkan-1.0.0] startup
[0.165s] [ext: omni.hsscclient-1.1.4] startup
[0.166s] [ext: omni.stats-1.0.1] startup
[0.167s] [ext: omni.ujitso.default-1.0.0] startup
[0.171s] [ext: omni.gpu_foundation-0.0.0] startup
[0.447s] [ext: carb.windowing.plugins-1.0.1] startup
[0.448s] [ext: omni.kit.renderer.init-1.0.1] startup
2026-09-16T14:20:25Z [468ms] [Warning] [omni.platforminfo.plugin] failed to open the default display.  Can't verify X Server version.
2026-09-16T14:20:25Z [484ms] [Warning] [omni.rtx] CUDA_VISIBLE_DEVICES environment variable is set.
2026-09-16T14:20:25Z [484ms] [Warning] [omni.rtx] Note CUDA device enumeration and Omniverse device enumeration are different.
2026-09-16T14:20:25Z [484ms] [Warning] [omni.rtx] Setting CUDA_VISIBLE_DEVICES can lead to undesired behavior or crashes.
2026-09-16T14:20:25Z [1,140ms] [Warning] [omni.rtx] Skipping NVIDIA graphics device because the matching CUDA device could not be found: NVIDIA RTX PRO 6000 Blackwell Max-Q Workstation Edition
2026-09-16T14:20:25Z [1,140ms] [Warning] [omni.rtx] Please restart your system if CUDA is known to work in your system, check if the NVIDIA driver is installed and working correctly, or check the MIG instance configuration if MIG is enabled.
2026-09-16T14:20:25Z [1,141ms] [Warning] [omni.rtx] Skipping NVIDIA graphics device because the matching CUDA device could not be found: NVIDIA RTX PRO 6000 Blackwell Max-Q Workstation Edition
2026-09-16T14:20:25Z [1,141ms] [Warning] [omni.rtx] Please restart your system if CUDA is known to work in your system, check if the NVIDIA driver is installed and working correctly, or check the MIG instance configuration if MIG is enabled.

|---------------------------------------------------------------------------------------------|
| Driver Version: 580.126.09    | Graphics API: Vulkan
|=============================================================================================|
| GPU | Name                             | Active | LDA | GPU Memory | Vendor-ID | LUID       |
|     |                                  |        |     |            | Device-ID | UUID       |
|     |                                  |        |     |            | Bus-ID    |            |
|---------------------------------------------------------------------------------------------|
| 0   | NVIDIA RTX PRO 6000 Blackwell .. | Yes: 0 |     | 98133   MB | 10de      | 0          |
|     |                                  |        |     |            | 2bb4      | ef92f209.. |
|     |                                  |        |     |            | 21        |            |
|---------------------------------------------------------------------------------------------|
| 1   | NVIDIA RTX PRO 6000 Blackwell .. |        |     | 98133   MB | 10de      | 0          |
|     |                                  |        |     |            | 2bb4      | 9ea7f276.. |
|     |                                  |        |     |            | e1        |            |
|=============================================================================================|
| OS: 24.04.3 LTS (Noble Numbat) ubuntu, Version: 24.04.3, Kernel: 6.14.0-37-generic
| Processor: AMD Ryzen Threadripper PRO 7955WX 16-Cores
| Cores: 16 | Logical Cores: 32
|---------------------------------------------------------------------------------------------|
| Total Memory (MB): 257242 | Free Memory: 223740
| Total Page/Swap (MB): 8191 | Free Page/Swap: 6632
|---------------------------------------------------------------------------------------------|
2026-09-16T14:20:26Z [1,454ms] [Warning] [omni.rtx] CPU performance profile is set to powersave. This profile sets the CPU to the lowest frequency reducing performance.
2026-09-16T14:20:26Z [1,464ms] [Warning] [omni.rtx] ECC is enabled on physical device 0
[1.702s] [ext: omni.kit.pipapi-0.0.0] startup
[1.704s] [ext: omni.kit.telemetry-0.5.2] startup
[1.746s] [ext: omni.kit.loop-isaac-1.6.0] startup
[1.747s] [ext: omni.kit.test-2.0.7] startup
[1.794s] [ext: omni.materialx.libs-1.0.9] startup
[1.801s] [ext: omni.gpucompute.plugins-0.0.0] startup
[1.801s] [ext: omni.usd.config-1.0.7] startup
[1.805s] [ext: omni.usd.libs-1.0.3] startup
[1.879s] [ext: omni.iray.libs-0.0.1] startup
[1.884s] [ext: omni.mdl-57.0.3] startup
[1.935s] [ext: omni.mdl.neuraylib-0.2.20] startup
[1.937s] [ext: omni.kit.usd.mdl-1.1.9] startup
[2.023s] [ext: omni.appwindow-1.2.2] startup
[2.025s] [ext: omni.kit.renderer.core-1.2.2] startup
2026-09-16T14:20:26Z [2,017ms] [Warning] [carb.windowing-glfw.plugin] GLFW initialization failed.
2026-09-16T14:20:26Z [2,017ms] [Warning] [carb] Failed to startup plugin carb.windowing-glfw.plugin (interfaces: [carb::windowing::IGLContext v1.0],[carb::windowing::IWindowing v1.5]) (impl: carb.windowing-glfw.plugin)
[2.059s] [ext: omni.kit.renderer.capture-2.0.1] startup
[2.061s] [ext: omni.kit.renderer.imgui-2.0.6] startup
2026-09-16T14:20:26Z [2,042ms] [Warning] [carb.windowing-glfw.plugin] GLFW initialization failed.
2026-09-16T14:20:26Z [2,042ms] [Warning] [carb] Failed to startup plugin carb.windowing-glfw.plugin (interfaces: [carb::windowing::IGLContext v1.0],[carb::windowing::IWindowing v1.5]) (impl: carb.windowing-glfw.plugin)
2026-09-16T14:20:26Z [2,043ms] [Warning] [carb.windowing-glfw.plugin] GLFW initialization failed.
2026-09-16T14:20:26Z [2,043ms] [Warning] [carb] Failed to startup plugin carb.windowing-glfw.plugin (interfaces: [carb::windowing::IGLContext v1.0],[carb::windowing::IWindowing v1.5]) (impl: carb.windowing-glfw.plugin)
[2.112s] [ext: omni.ui-3.2.0] startup
[2.120s] [ext: omni.kit.mainwindow-1.0.3] startup
[2.121s] [ext: carb.audio-0.1.0] startup
[2.125s] [ext: omni.uiaudio-1.0.0] startup
[2.126s] [ext: omni.kit.uiapp-0.0.0] startup
[2.126s] [ext: omni.usd.schema.metrics.assembler-110.1.0] startup
[2.128s] [ext: omni.usd.schema.audio-0.0.1] startup
[2.130s] [ext: omni.usd_resolver-1.0.0] startup
[2.133s] [ext: omni.usd.core-1.8.3] startup
[2.136s] [ext: omni.metropolis.schema-0.0.3] startup
[2.136s] [ext: isaacsim.anim.robot.schema-0.1.1] startup
[2.137s] [ext: omni.usd.schema.anim-0.0.1] startup
[2.149s] [ext: omni.usd.schema.geospatial-0.0.1] startup
[2.151s] [ext: omni.usd.schema.omnigraph-1.0.1] startup
[2.155s] [ext: omni.usd.schema.semantics-0.0.0] startup
[2.156s] [ext: omni.activity.core-1.0.3] startup
[2.157s] [ext: omni.cubric-0.1.0] startup
[2.158s] [ext: omni.graph.exec-0.9.6] startup
[2.158s] [ext: omni.hydra.scene_delegate-0.3.5] startup
[2.161s] [ext: usdrt.scenegraph-7.6.3] startup
[2.180s] [ext: omni.hydra.usdrt_delegate-7.5.2] startup
[2.185s] [ext: omni.inspect-1.0.2] startup
[2.186s] [ext: omni.kit.actions.core-1.0.0] startup
[2.188s] [ext: omni.kit.audiodeviceenum-1.0.2] startup
[2.189s] [ext: omni.kit.commands-1.5.0] startup
[2.191s] [ext: omni.kit.exec.core-0.13.5] startup
[2.192s] [ext: omni.kit.usd_undo-0.1.8] startup
[2.192s] [ext: omni.kit.window.popup_dialog-2.0.25] startup
[2.195s] [ext: omni.kit.widget.nucleus_connector-2.3.1] startup
[2.197s] [ext: omni.timeline-1.1.0] startup
[2.199s] [ext: omni.usd-1.16.0] startup
[2.225s] [ext: omni.graph.core-3.1.2] startup
[2.227s] [ext: omni.kit.notification_manager-1.0.11] startup
[2.228s] [ext: isaacsim.core.deprecation_manager-0.4.2] startup
[2.229s] [ext: isaacsim.replicator.agent.schema-0.1.1] startup
[2.230s] [ext: isaacsim.robot.schema-6.3.7] startup
[2.233s] [ext: isaacsim.robot_motion.schema-0.2.1] startup
[2.233s] [ext: omni.anim.behavior.schema-110.1.0] startup
[2.235s] [ext: omni.anim.graph.schema-110.1.1] startup
[2.240s] [ext: omni.anim.navigation.schema-110.1.0] startup
[2.242s] [ext: omni.behavior.tree.schema-110.1.0] startup
[2.242s] [ext: omni.kit.asset_converter-6.0.1] startup
[2.252s] [ext: omni.usd.schema.flow-110.0.0] startup
[2.252s] [ext: omni.usd.schema.mujoco-1.1.1] startup
[2.253s] [ext: omni.usd.schema.newton-1.2.1] startup
[2.253s] [ext: omni.usd.schema.omni_lens_distortion-1.0.0] startup
[2.254s] [ext: omni.usd.schema.omni_projectors-1.0.0] startup
[2.254s] [ext: omni.usd.schema.omni_sensors-0.0.0] startup
[2.259s] [ext: omni.usd.schema.omniscripting-1.0.1] startup
[2.262s] [ext: omni.usd.schema.physical_lighting-0.1.0] startup
[2.264s] [ext: omni.usd.schema.physx-110.1.13] startup
[2.285s] [ext: omni.usd.schema.render_settings.rtx-1.0.2] startup
[2.288s] [ext: omni.usd.schema.usd_particle_field-1.0.0] startup
[2.288s] [ext: omni.kit.clipboard-1.1.1] startup
[2.289s] [ext: omni.kit.menu.core-1.2.0] startup
[2.290s] [ext: omni.kit.usd.layers-2.6.1] startup
[2.295s] [ext: omni.kit.widget.context_menu-1.4.0] startup
[2.296s] [ext: omni.kit.context_menu-1.9.0] startup
[2.297s] [ext: omni.kit.helper.file_utils-0.1.10] startup
[2.298s] [ext: omni.kit.hotkeys.core-1.3.12] startup
[2.300s] [ext: omni.kit.menu.utils-2.2.4] startup
[2.304s] [ext: omni.kit.widget.nucleus_info-2.0.2] startup
[2.304s] [ext: omni.kit.search_core-1.0.8] startup
[2.305s] [ext: omni.kit.stage_template.core-1.1.22] startup
[2.305s] [ext: omni.kit.widget.path_field-2.0.13] startup
[2.305s] [ext: omni.kit.widget.browser_bar-2.0.10] startup
[2.306s] [ext: omni.kit.widget.filebrowser-2.13.4] startup
[2.309s] [ext: omni.kit.widget.options_menu-1.1.6] startup
[2.311s] [ext: omni.kit.widget.filter-1.1.5] startup
[2.312s] [ext: omni.kit.widget.options_button-1.0.3] startup
[2.312s] [ext: omni.kit.widget.prompt-1.0.7] startup
[2.313s] [ext: omni.kit.widget.search_delegate-1.0.9] startup
[2.313s] [ext: omni.kit.widget.searchfield-1.1.8] startup
[2.314s] [ext: omni.ui.scene-2.0.3] startup
[2.319s] [ext: omni.kit.window.filepicker-2.15.5] startup
[2.329s] [ext: omni.kit.window.file_exporter-1.0.36] startup
[2.330s] [ext: omni.kit.widget.stage-4.4.0] startup
[2.336s] [ext: omni.kit.window.content_browser_registry-0.0.6] startup
[2.337s] [ext: omni.kit.window.drop_support-1.0.8] startup
[2.337s] [ext: omni.kit.window.file_importer-1.1.21] startup
[2.338s] [ext: omni.kit.window.file-2.0.10] startup
[2.340s] [ext: omni.kit.window.content_browser-3.1.8] startup
[2.348s] [ext: omni.kit.widget.layers-1.9.2] startup
[2.355s] [ext: isaacsim.core.version-2.1.1] startup
[2.356s] [ext: isaacsim.app.about-2.3.1] startup
[2.359s] [ext: isaacsim.asset.transformer-1.2.5] startup
[2.362s] [ext: omni.scene.optimizer.core-110.1.0] startup
[2.397s] [ext: isaacsim.asset.importer.utils-1.8.1] startup
[2.399s] [ext: omni.convexdecomposition-110.1.13] startup
[2.401s] [ext: omni.physics-110.1.13] startup
[2.403s] [ext: omni.physx.gpu-110.1.13] startup
[2.403s] [ext: omni.physx.foundation-110.1.13] startup
[2.405s] [ext: omni.usdphysics-110.1.13] startup
[2.406s] [ext: omni.physx.cooking-110.1.13] startup
[2.408s] [ext: omni.physx-110.1.13] startup
[2.415s] [ext: omni.physics.physx-110.1.13] startup
[2.417s] [ext: isaacsim.asset.exporter.urdf-2.0.5] startup
[2.423s] [ext: omni.kit.material.library-3.1.2] startup
[2.426s] [ext: isaacsim.asset.transformer.rules-1.7.10] startup
[2.433s] [ext: omni.usdex.libs-2.2.2] startup
[2.439s] [ext: isaacsim.asset.importer.mjcf-3.10.1] startup
[2.441s] [ext: isaacsim.asset.importer.urdf-3.11.2] startup
[2.443s] [ext: omni.kit.primitive.mesh-1.1.0] startup
[2.445s] [ext: omni.kit.stage_templates-2.0.2] startup
[2.446s] [ext: omni.usd.metrics.assembler-110.1.2] startup
[2.448s] [ext: omni.warp.core-1.13.0] startup
[2.568s] [ext: isaacsim.core.experimental.utils-0.17.2] startup
[2.568s] [ext: omni.physics.stageupdate-110.1.13] startup
[2.570s] [ext: omni.physics.tensors-110.1.13] startup
[2.574s] [ext: omni.physx.tensors-110.1.13] startup
[2.577s] [ext: isaacsim.core.simulation_manager-1.15.6] startup
[2.587s] [ext: isaacsim.storage.native-1.9.3] startup
[2.588s] [ext: omni.hydra.rtx.shadercache.vulkan-1.0.0] startup
[2.588s] [ext: omni.index.libs-387500.4413.0] startup
[2.588s] [ext: omni.index-1.0.1] startup
[2.589s] [ext: omni.ujitso.client-0.0.0] startup
[2.589s] [ext: omni.usd.schema.playback-1.0.0] startup
[2.591s] [ext: omni.volume-0.5.2] startup
[2.595s] [ext: omni.hydra.rtx-1.0.4] startup
2026-09-16T14:20:27Z [2,586ms] [Warning] [omni.log] Source: omni.hydra was already registered.
[2.629s] [ext: omni.debugdraw-0.1.4] startup
[2.631s] [ext: omni.hydra.engine.stats-1.0.5] startup
[2.633s] [ext: omni.kit.hydra_texture-1.6.0] startup
[2.636s] [ext: omni.kit.manipulator.selector-1.1.4] startup
[2.637s] [ext: omni.kit.widget.searchable_combobox-1.0.7] startup
[2.637s] [ext: omni.kit.widget.settings-2.0.0] startup
[2.639s] [ext: omni.kit.window.preferences-1.8.3] startup
[2.643s] [ext: omni.kit.manipulator.transform-107.0.0] startup
[2.646s] [ext: omni.kit.raycast.query-1.2.0] startup
[2.649s] [ext: omni.kit.viewport.legacy_gizmos-1.0.24] startup
[2.651s] [ext: omni.kit.viewport.registry-104.0.6] startup
[2.652s] [ext: omni.kit.viewport.scene_camera_model-1.0.7] startup
[2.655s] [ext: omni.kit.widget.viewport-109.2.0] startup
[2.657s] [ext: omni.kit.viewport.window-109.0.2] startup
[2.671s] [ext: omni.kit.viewport.utility-2.0.1] startup
[2.671s] [ext: omni.kit.widget.toolbar-2.1.0] startup
[2.675s] [ext: omni.kit.manipulator.tool.snap-1.5.14] startup
[2.677s] [ext: omni.kit.manipulator.viewport-107.0.1] startup
[2.678s] [ext: omni.kit.viewport.manipulator.transform-107.0.4] startup
[2.679s] [ext: omni.kit.manipulator.prim.core-108.0.2] startup
[2.683s] [ext: omni.kit.manipulator.prim.usd-107.0.3] startup
[2.684s] [ext: omni.kit.manipulator.prim-108.0.0] startup
[2.684s] [ext: omni.kit.manipulator.selection-109.0.1] startup
[2.685s] [ext: omni.kit.property.adapter.core-1.1.1] startup
[2.686s] [ext: omni.kit.property.adapter.usd-1.0.5] startup
[2.687s] [ext: omni.kit.widget.highlight_label-1.0.3] startup
[2.687s] [ext: omni.kit.window.property-1.15.1] startup
[2.695s] [ext: omni.kit.property.usd-4.9.4] startup
[2.702s] [ext: omni.kit.viewport.actions-110.0.0] startup
[2.705s] [ext: omni.kit.viewport.menubar.core-107.2.2] startup
[2.714s] [ext: omni.kit.viewport.menubar.display-107.1.3] startup
[2.715s] [ext: omni.physx.commands-110.1.13] startup
[2.717s] [ext: omni.usdphysics.ui-110.1.13] startup
[2.736s] [ext: omni.physx.ui-110.1.13] startup
[2.754s] [ext: omni.usd.metrics.assembler.physics-110.1.13] startup
[2.755s] [ext: isaacsim.core.utils-4.1.7] startup
[2.757s] [ext: isaacsim.core.prims-0.11.7] startup
[3.735s] [ext: isaacsim.core.api-5.2.13] startup
[3.741s] [ext: isaacsim.core.cloner-1.7.3] startup
[3.742s] [ext: isaacsim.test.docstring-1.3.2] startup
[3.745s] [ext: isaacsim.core.experimental.prims-1.8.9] startup
[3.762s] [ext: isaacsim.core.experimental.primdata-0.3.2] startup
[3.763s] [ext: omni.graph.tools-1.81.0] startup
[3.778s] [ext: omni.graph-1.142.5] startup
[3.805s] [ext: isaacsim.core.experimental.actuators-0.1.2] startup
[3.818s] [ext: isaacsim.core.experimental.materials-0.7.1] startup
[3.821s] [ext: isaacsim.core.experimental.objects-0.8.1] startup
[3.865s] [ext: isaacsim.core.rendering_manager-0.4.3] startup
[3.879s] [ext: omni.graph.action_core-1.1.9] startup
[3.881s] [ext: omni.graph.action_nodes_core-2.11.0] startup
[3.883s] [ext: omni.graph.action_nodes-2.11.0] startup
[3.902s] [ext: omni.graph.action-2.10.2] startup
[3.903s] [ext: omni.graph.image.core-0.6.1] startup
[3.905s] [ext: omni.graph.image.nodes-1.3.1] startup
[3.906s] [ext: omni.graph.nodes_core-2.11.0] startup
[3.911s] [ext: omni.graph.nodes-2.12.0] startup
[3.916s] [ext: omni.graph.scriptnode-2.10.2] startup
[3.934s] [ext: omni.syntheticdata-0.6.15] startup
[3.955s] [ext: omni.replicator.nv-1.1.1] startup
[3.960s] [ext: omni.videoencoding-0.2.1] startup
[3.962s] [ext: omni.replicator.core-1.13.27] startup
2026-09-16T14:20:28Z [3,947ms] [Warning] [pxr.Semantics] pxr.Semantics is deprecated - please use Semantics instead
2026-09-16T14:20:28Z [4,013ms] [Warning] [omni.replicator.core.scripts.extension] No material configuration file, adding configuration to material settings directly.
[4.145s] [ext: isaacsim.core.nodes-5.10.5] startup
[4.171s] [ext: isaacsim.core.throttling-2.3.5] startup
[4.172s] [ext: omni.graph.visualization.nodes-2.1.4] startup
[4.186s] [ext: omni.kit.window.extensions-1.5.10] startup
[4.190s] [ext: isaacsim.gui.components-1.8.5] startup
[4.194s] [ext: isaacsim.robot.surface_gripper-3.6.2] startup
[4.203s] [ext: isaacsim.robot.manipulators-3.4.4] startup
[4.213s] [ext: isaacsim.robot_motion.lula-4.1.3] startup
[4.219s] [ext: isaacsim.robot_motion.motion_generation-8.2.9] startup
[4.224s] [ext: isaacsim.cortex.framework-1.0.18] startup
[4.225s] [ext: isaacsim.cortex.behaviors-2.0.17] startup
[4.227s] [ext: isaacsim.examples.base-1.3.2] startup
[4.228s] [ext: omni.kit.widget.zoombar-1.0.7] startup
[4.229s] [ext: omni.kit.browser.core-2.3.18] startup
[4.232s] [ext: omni.kit.browser.folder.core-2.0.2] startup
[4.235s] [ext: omni.kit.widget.stage_icons-1.0.8] startup
[4.236s] [ext: omni.kit.window.stage-2.6.1] startup
[4.239s] [ext: omni.kit.menu.stage-1.2.7] startup
[4.240s] [ext: omni.kit.usd.collect-3.0.6] startup
[4.242s] [ext: omni.kit.tool.collect-2.2.19] startup
[4.243s] [ext: isaacsim.examples.browser-0.3.2] startup
[4.245s] [ext: omni.kit.search.files-1.0.4] startup
[4.246s] [ext: omni.kit.widget.calendar-1.0.9] startup
[4.247s] [ext: omni.kit.widget.extended_searchfield-1.0.31] startup
[4.254s] [ext: omni.simready.content.browser-0.3.7] startup
[4.319s] [ext: isaacsim.gui.content_browser-0.4.3] startup
[4.322s] [ext: omni.kit.selection-0.1.6] startup
[4.323s] [ext: isaacsim.gui.menu-2.10.5] startup
[4.329s] [ext: isaacsim.gui.property-1.6.4] startup
[4.335s] [ext: isaacsim.gui.sensors.icon-2.2.1] startup
[4.337s] [ext: omni.behavior.scripting.core-110.1.0] startup
[4.340s] [ext: isaacsim.replicator.behavior-1.5.4] startup
[4.341s] [ext: isaacsim.replicator.experimental.domain_randomization-1.2.5] startup
[4.354s] [ext: isaacsim.replicator.domain_randomization-1.2.2] startup
[4.409s] [ext: isaacsim.replicator.writers-1.5.4] startup
[4.429s] [ext: isaacsim.robot.experimental.wheeled_robots-0.2.11] startup
[4.446s] [ext: isaacsim.robot.policy.examples-5.2.12] startup
[4.462s] [ext: isaacsim.robot.wheeled_robots-5.2.4] startup
[4.466s] [ext: isaacsim.robot.wheeled_robots.nodes-0.1.5] startup
[4.483s] [ext: isaacsim.robot_motion.experimental.motion_generation-6.1.3] startup
[4.492s] [ext: isaacsim.robot_motion.cumotion-1.3.1] startup
[4.503s] [ext: omni.kit.numpy.common-0.1.3] startup
[4.504s] [ext: isaacsim.sensors.camera-1.7.9] startup
[4.526s] [ext: isaacsim.sensors.experimental.physics-3.0.2] startup
[4.533s] [ext: omni.sensors.net-1.0.1] startup
[4.536s] [ext: omni.sensors.nv.common-3.0.0] startup
[4.550s] [ext: omni.sensors.nv.materials-2.0.0] startup
[4.554s] [ext: omni.sensors.nv.acoustic-3.0.0] startup
[4.557s] [ext: omni.sensors.nv.ids-2.0.1] startup
[4.560s] [ext: omni.sensors.nv.lidar-3.0.0] startup
[4.564s] [ext: omni.sensors.nv.radar-3.0.0] startup
[4.568s] [ext: isaacsim.sensors.experimental.rtx-1.4.6] startup
[4.727s] [ext: isaacsim.sensors.physics.nodes-1.5.3] startup
[4.733s] [ext: isaacsim.util.debug_draw-3.2.3] startup
[4.737s] [ext: isaacsim.sensors.physx-2.5.5] startup
[4.744s] [ext: isaacsim.sensors.rtx-15.17.1] startup
[4.754s] [ext: isaacsim.simulation_app-2.18.4] startup
[4.754s] [ext: omni.anim.curve.core-1.6.0] startup
[4.764s] [ext: omni.graph.ui_nodes-2.11.1] startup
[4.786s] [ext: omni.hydra.scene_api-0.1.3] startup
[4.790s] [ext: omni.kit.manipulator.camera-110.0.0] startup
[4.794s] [ext: omni.kit.menu.create-2.0.2] startup
[4.795s] [ext: omni.kit.property.audio-1.0.16] startup
[4.798s] [ext: omni.kit.property.camera-1.0.14] startup
[4.799s] [ext: omni.kit.property.geometry-2.1.2] startup
[4.802s] [ext: omni.kit.property.light-1.0.14] startup
2026-09-16T14:20:29Z [4,804ms] [Warning] [omni.usd] Encountered USD Warnings but USD Diagnostics are currently muted. To view USD Warnings, please set the '/persistent/app/usd/muteUsdDiagnostics' setting to false in Preferences page.
[4.834s] [ext: omni.kit.property.material-1.14.6] startup
[4.839s] [ext: omni.kit.property.render-1.2.2] startup
[4.840s] [ext: omni.kit.property.transform-1.6.9] startup
[4.842s] [ext: omni.kit.property.bundle-1.5.1] startup
[4.844s] [ext: omni.kit.usdz_export-1.1.0] startup
[4.846s] [ext: omni.kit.tool.asset_importer-6.0.1] startup
[4.849s] [ext: omni.kit.ui.actions-1.0.5] startup
[4.851s] [ext: omni.kit.viewport.menubar.camera-107.0.10] startup
[4.854s] [ext: omni.kit.viewport.menubar.lighting-107.3.2] startup
[4.857s] [ext: omni.kit.viewport.menubar.render-110.0.0] startup
[4.859s] [ext: omni.kit.viewport.menubar.settings-110.0.1] startup
[4.862s] [ext: omni.kit.window.console-1.1.9] startup
[4.867s] [ext: omni.kit.window.status_bar-0.1.11] startup
[4.869s] [ext: omni.kit.window.toolbar-3.0.3] startup
[4.872s] [ext: omni.ocio-0.1.1] startup
[4.873s] [ext: omni.replicator.replicator_yaml-2.0.12] startup
[4.883s] [ext: omni.rtx.window.settings-0.8.0] startup
[4.888s] [ext: omni.rtx.settings.core-0.7.1] startup
[4.890s] [ext: omni.usd.metrics.assembler.ui-110.1.1] startup
[4.897s] [ext: semantics.schema.editor-2.0.2] startup
[4.900s] [ext: semantics.schema.property-2.0.2] startup
[4.901s] [ext: omni.kit.menu.common-2.0.2] startup
[4.902s] [ext: isaacsim.exp.base-6.0.1] startup
[4.902s] [ext: isaacsim.exp.base.python-6.0.1] startup
[4.902s] [ext: omni.kit.livestream.core-10.2.1] startup
[4.905s] [ext: omni.kit.livestream.webrtc-10.3.2] startup
[4.913s] [ext: omni.kit.livestream.app-10.1.1] startup
[4.918s] Simulation App Starting

Active user not found. Using default user [kiosk][24.572s] Simulation App Startup Complete
[24.575s] app ready
Starting kit application with the following args:  ['/mnt/HDD4/wyattsheu/IsaacLab/.venv/lib/python3.12/site-packages/isaacsim/exts/isaacsim.simulation_app/isaacsim/simulation_app/simulation_app.py', '/mnt/HDD4/wyattsheu/IsaacLab/.venv/lib/python3.12/site-packages/isaacsim/apps/isaacsim.exp.base.python.kit', '--/app/tokens/exe-path=/mnt/HDD4/wyattsheu/IsaacLab/.venv/lib/python3.12/site-packages/isaacsim/kit', '--/persistent/app/viewport/displayOptions=3094', '--/rtx/materialDb/syncLoads=True', '--/rtx/hydra/materialSyncLoads=True', '--/omni/kit/plugin/syncUsdLoads=True', '--/app/renderer/resolution/width=1280', '--/app/renderer/resolution/height=720', '--/app/window/width=1440', '--/app/window/height=900', '--/renderer/multiGpu/enabled=True', '--/app/fastShutdown=True', '--/app/installSignalHandlers=0', '--ext-folder', '/mnt/HDD4/wyattsheu/IsaacLab/.venv/lib/python3.12/site-packages/isaacsim/exts', '--ext-folder', '/mnt/HDD4/wyattsheu/IsaacLab/.venv/lib/python3.12/site-packages/isaacsim/apps', '--/physics/cudaDevice=0', '--/plugins/carb.tasking.plugin/threadCount=32', '--/plugins/omni.tbb.globalcontrol/maxThreadCount=32', '--portable', '--no-window', '--/app/window/hideUi=1']
Passing the following args to the base kit application:  ['--usd', '/mnt/HDD4/wyattsheu/ITRI/parcel-forge/runs/20260916T141357Z_s2_open_box_normal/asset.usda', '--hold-seconds', '600', '--/exts/omni.kit.livestream.app/primaryStream/publicIp=140.113.203.85', '--/exts/omni.kit.livestream.app/primaryStream/signalPort=49100', '--/exts/omni.kit.livestream.app/primaryStream/streamPort=47998', '--/exts/omni.kit.livestream.app/primaryStream/allowDynamicResize=false', '--/exts/omni.kit.livestream.app/primaryStream/streamType=webrtc', '--/exts/omni.kit.livestream.app/primaryStream/targetFps=30', '--/app/window/width=1280', '--/app/window/height=720', '--/renderer/multiGpu/enabled=false', '--enable', 'omni.kit.livestream.app', '--enable', 'omni.physx.ui']
Warp 1.13.0 initialized:
   CUDA Toolkit 12.9, Driver 13.0
   Devices:
     "cpu"      : "x86_64"
     "cuda:0"   : "NVIDIA RTX PRO 6000 Blackwell Max-Q Workstation Edition" (95 GiB, sm_120, mempool enabled)
   Kernel cache:
     /mnt/HDD4/wyattsheu/.cache/warp/1.13.0
[VIEW] opened /mnt/HDD4/wyattsheu/ITRI/parcel-forge/runs/20260916T141357Z_s2_open_box_normal/asset.usda
[VIEW] timeline playing: physics interaction (Shift + left-drag) is armed
2026-09-16T14:20:49Z [24,767ms] [Warning] [omni.kit.menu.utils.layout] Multiple matching items found for layout "Physics". Found Create, Window. Change <<class 'omni.kit.menu.utils.layout.MenuLayout.SubMenu'> name:Physics> to use specific source. Using "source="Create/Physics""
2026-09-16T14:20:49Z [25,200ms] [Warning] [omni.kit.widget.viewport.impl.utility] Updated /OmniverseKit_Persp in /mnt/HDD4/wyattsheu/ITRI/parcel-forge/runs/20260916T141357Z_s2_open_box_normal/asset.usda to Sdf.SpecifierOver
2026-09-16T14:20:49Z [25,200ms] [Warning] [omni.kit.widget.viewport.impl.utility] Updated /OmniverseKit_Front in /mnt/HDD4/wyattsheu/ITRI/parcel-forge/runs/20260916T141357Z_s2_open_box_normal/asset.usda to Sdf.SpecifierOver
2026-09-16T14:20:49Z [25,201ms] [Warning] [omni.kit.widget.viewport.impl.utility] Updated /OmniverseKit_Top in /mnt/HDD4/wyattsheu/ITRI/parcel-forge/runs/20260916T141357Z_s2_open_box_normal/asset.usda to Sdf.SpecifierOver
2026-09-16T14:20:49Z [25,201ms] [Warning] [omni.kit.widget.viewport.impl.utility] Updated /OmniverseKit_Right in /mnt/HDD4/wyattsheu/ITRI/parcel-forge/runs/20260916T141357Z_s2_open_box_normal/asset.usda to Sdf.SpecifierOver
2026-09-16T14:20:50Z [25,289ms] [Error] [omni.physx.plugin] PhysX error: PxRigidBody::setRigidBodyFlag(): kinematic bodies with CCD enabled are not supported! CCD will be ignored., FILE /builds/omniverse/physics/physx/source/physx/src/NpRigidBodyTemplate.h, LINE 646
[VIEW] camera framed on [0.0, 0.0, 0.24]
[VIEW] READY - connect WebRTC to 140.113.203.85:49100
[VIEW] the probe is HELD for 600s - connect now, then watch it drop
[33mmain: thread_init: already added for thread
[;m