# command: /mnt/HDD4/wyattsheu/IsaacLab/.venv/bin/python3 /mnt/HDD4/wyattsheu/ITRI/parcel-forge/src/parcel_forge/box_s2.py --out /mnt/HDD4/wyattsheu/ITRI/parcel-forge/runs/20260916T133357Z_s2_open_box_normal --case /mnt/HDD4/wyattsheu/ITRI/parcel-forge/runs/20260916T133357Z_s2_open_box_normal/request.json --profile /mnt/HDD4/wyattsheu/ITRI/parcel-forge/runs/20260916T133357Z_s2_open_box_normal/profile.json
# cwd: /mnt/HDD4/wyattsheu/IsaacLab
# CUDA_VISIBLE_DEVICES=0
#
WARNING: All log messages before absl::InitializeLog() is called are written to STDERR
E0000 00:00:1789565638.025714 2693146 descriptor_database.cc:633] File already exists in database: grpc/health/v1/health.proto
W0000 00:00:1789565638.025755 2693146 message.cc:301] Protobuf GeneratedMessageFactory: File is already registered: grpc/health/v1/health.proto
2026-09-16T13:33:57Z [Info] [carb] Logging to file: /mnt/HDD4/wyattsheu/IsaacLab/.venv/lib/python3.12/site-packages/isaacsim/kit/logs/Kit/Isaac-Sim Python/6.0/kit_20260916_213357.log
[0.048s] [ext: omni.assets.plugins-0.0.0] startup
[0.049s] [ext: omni.blobkey-1.1.2] startup
[0.049s] [ext: omni.kit.async_engine-0.0.3] startup
[0.151s] [ext: omni.client.lib-1.1.1] startup
[0.161s] [ext: omni.client-1.3.0] startup
[0.165s] [ext: omni.protobuf.lib-1.0.0] startup
[0.166s] [ext: omni.grpc.lib-1.0.0] startup
[0.170s] [ext: omni.metrics.core-0.0.3] startup
[0.170s] [ext: omni.datastore-0.0.0] startup
[0.171s] [ext: omni.gpu_foundation.shadercache.vulkan-1.0.0] startup
[0.173s] [ext: omni.hsscclient-1.1.4] startup
[0.173s] [ext: omni.stats-1.0.1] startup
[0.174s] [ext: omni.ujitso.default-1.0.0] startup
[0.178s] [ext: omni.gpu_foundation-0.0.0] startup
[0.441s] [ext: carb.windowing.plugins-1.0.1] startup
[0.441s] [ext: omni.kit.renderer.init-1.0.1] startup
2026-09-16T13:33:58Z [456ms] [Warning] [omni.platforminfo.plugin] failed to open the default display.  Can't verify X Server version.
2026-09-16T13:33:58Z [469ms] [Warning] [omni.rtx] CUDA_VISIBLE_DEVICES environment variable is set.
2026-09-16T13:33:58Z [469ms] [Warning] [omni.rtx] Note CUDA device enumeration and Omniverse device enumeration are different.
2026-09-16T13:33:58Z [469ms] [Warning] [omni.rtx] Setting CUDA_VISIBLE_DEVICES can lead to undesired behavior or crashes.
2026-09-16T13:33:58Z [885ms] [Warning] [omni.rtx] Skipping NVIDIA graphics device because the matching CUDA device could not be found: NVIDIA RTX PRO 6000 Blackwell Max-Q Workstation Edition
2026-09-16T13:33:58Z [885ms] [Warning] [omni.rtx] Please restart your system if CUDA is known to work in your system, check if the NVIDIA driver is installed and working correctly, or check the MIG instance configuration if MIG is enabled.
2026-09-16T13:33:58Z [885ms] [Warning] [omni.rtx] Skipping NVIDIA graphics device because the matching CUDA device could not be found: NVIDIA RTX PRO 6000 Blackwell Max-Q Workstation Edition
2026-09-16T13:33:58Z [885ms] [Warning] [omni.rtx] Please restart your system if CUDA is known to work in your system, check if the NVIDIA driver is installed and working correctly, or check the MIG instance configuration if MIG is enabled.

|---------------------------------------------------------------------------------------------|
| Driver Version: 580.126.09    | Graphics API: Vulkan
|=============================================================================================|
| GPU | Name                             | Active | LDA | GPU Memory | Vendor-ID | LUID       |
|     |                                  |        |     |            | Device-ID | UUID       |
|     |                                  |        |     |            | Bus-ID    |            |
|---------------------------------------------------------------------------------------------|
| 0   | NVIDIA RTX PRO 6000 Blackwell .. | Yes: 0 |     | 98133   MB | 10de      | 0          |
|     |                                  |        |     |            | 2bb4      | ef92f209.. |
|     |                                  |        |     |            | 21        |            |
|---------------------------------------------------------------------------------------------|
| 1   | NVIDIA RTX PRO 6000 Blackwell .. |        |     | 98133   MB | 10de      | 0          |
|     |                                  |        |     |            | 2bb4      | 9ea7f276.. |
|     |                                  |        |     |            | e1        |            |
|=============================================================================================|
| OS: 24.04.3 LTS (Noble Numbat) ubuntu, Version: 24.04.3, Kernel: 6.14.0-37-generic
| Processor: AMD Ryzen Threadripper PRO 7955WX 16-Cores
| Cores: 16 | Logical Cores: 32
|---------------------------------------------------------------------------------------------|
| Total Memory (MB): 257242 | Free Memory: 220057
| Total Page/Swap (MB): 8191 | Free Page/Swap: 7617
|---------------------------------------------------------------------------------------------|
2026-09-16T13:33:59Z [1,223ms] [Warning] [omni.rtx] CPU performance profile is set to powersave. This profile sets the CPU to the lowest frequency reducing performance.
2026-09-16T13:33:59Z [1,233ms] [Warning] [omni.rtx] ECC is enabled on physical device 0
[1.419s] [ext: omni.kit.pipapi-0.0.0] startup
[1.420s] [ext: omni.kit.telemetry-0.5.2] startup
[1.453s] [ext: omni.kit.loop-isaac-1.6.0] startup
[1.454s] [ext: omni.kit.test-2.0.7] startup
[1.502s] [ext: omni.materialx.libs-1.0.9] startup
[1.508s] [ext: omni.gpucompute.plugins-0.0.0] startup
[1.509s] [ext: omni.usd.config-1.0.7] startup
[1.512s] [ext: omni.usd.libs-1.0.3] startup
[1.583s] [ext: omni.iray.libs-0.0.1] startup
[1.588s] [ext: omni.mdl-57.0.3] startup
[1.638s] [ext: omni.mdl.neuraylib-0.2.20] startup
[1.640s] [ext: omni.kit.usd.mdl-1.1.9] startup
[1.725s] [ext: omni.appwindow-1.2.2] startup
[1.727s] [ext: omni.kit.renderer.core-1.2.2] startup
2026-09-16T13:33:59Z [1,717ms] [Warning] [carb.windowing-glfw.plugin] GLFW initialization failed.
2026-09-16T13:33:59Z [1,717ms] [Warning] [carb] Failed to startup plugin carb.windowing-glfw.plugin (interfaces: [carb::windowing::IGLContext v1.0],[carb::windowing::IWindowing v1.5]) (impl: carb.windowing-glfw.plugin)
[1.758s] [ext: omni.kit.renderer.capture-2.0.1] startup
[1.760s] [ext: omni.kit.renderer.imgui-2.0.6] startup
2026-09-16T13:33:59Z [1,740ms] [Warning] [carb.windowing-glfw.plugin] GLFW initialization failed.
2026-09-16T13:33:59Z [1,740ms] [Warning] [carb] Failed to startup plugin carb.windowing-glfw.plugin (interfaces: [carb::windowing::IGLContext v1.0],[carb::windowing::IWindowing v1.5]) (impl: carb.windowing-glfw.plugin)
2026-09-16T13:33:59Z [1,741ms] [Warning] [carb.windowing-glfw.plugin] GLFW initialization failed.
2026-09-16T13:33:59Z [1,741ms] [Warning] [carb] Failed to startup plugin carb.windowing-glfw.plugin (interfaces: [carb::windowing::IGLContext v1.0],[carb::windowing::IWindowing v1.5]) (impl: carb.windowing-glfw.plugin)
[1.815s] [ext: omni.ui-3.2.0] startup
[1.823s] [ext: omni.kit.mainwindow-1.0.3] startup
[1.824s] [ext: carb.audio-0.1.0] startup
[1.829s] [ext: omni.uiaudio-1.0.0] startup
[1.829s] [ext: omni.kit.uiapp-0.0.0] startup
[1.829s] [ext: omni.usd.schema.metrics.assembler-110.1.0] startup
[1.832s] [ext: omni.usd.schema.audio-0.0.1] startup
[1.834s] [ext: omni.usd_resolver-1.0.0] startup
[1.837s] [ext: omni.usd.core-1.8.3] startup
[1.840s] [ext: omni.metropolis.schema-0.0.3] startup
[1.840s] [ext: isaacsim.anim.robot.schema-0.1.1] startup
[1.841s] [ext: omni.usd.schema.anim-0.0.1] startup
[1.855s] [ext: omni.usd.schema.geospatial-0.0.1] startup
[1.857s] [ext: omni.usd.schema.omnigraph-1.0.1] startup
[1.861s] [ext: omni.usd.schema.semantics-0.0.0] startup
[1.863s] [ext: omni.activity.core-1.0.3] startup
[1.864s] [ext: omni.cubric-0.1.0] startup
[1.864s] [ext: omni.graph.exec-0.9.6] startup
[1.864s] [ext: omni.hydra.scene_delegate-0.3.5] startup
[1.868s] [ext: usdrt.scenegraph-7.6.3] startup
[1.888s] [ext: omni.hydra.usdrt_delegate-7.5.2] startup
[1.893s] [ext: omni.inspect-1.0.2] startup
[1.894s] [ext: omni.kit.actions.core-1.0.0] startup
[1.895s] [ext: omni.kit.audiodeviceenum-1.0.2] startup
[1.896s] [ext: omni.kit.commands-1.5.0] startup
[1.899s] [ext: omni.kit.exec.core-0.13.5] startup
[1.900s] [ext: omni.kit.usd_undo-0.1.8] startup
[1.900s] [ext: omni.kit.window.popup_dialog-2.0.25] startup
[1.903s] [ext: omni.kit.widget.nucleus_connector-2.3.1] startup
[1.905s] [ext: omni.timeline-1.1.0] startup
[1.907s] [ext: omni.usd-1.16.0] startup
[1.935s] [ext: omni.graph.core-3.1.2] startup
[1.938s] [ext: omni.kit.notification_manager-1.0.11] startup
[1.939s] [ext: isaacsim.core.deprecation_manager-0.4.2] startup
[1.940s] [ext: isaacsim.replicator.agent.schema-0.1.1] startup
[1.940s] [ext: isaacsim.robot.schema-6.3.7] startup
[1.943s] [ext: isaacsim.robot_motion.schema-0.2.1] startup
[1.944s] [ext: omni.anim.behavior.schema-110.1.0] startup
[1.947s] [ext: omni.anim.graph.schema-110.1.1] startup
[1.951s] [ext: omni.anim.navigation.schema-110.1.0] startup
[1.953s] [ext: omni.behavior.tree.schema-110.1.0] startup
[1.954s] [ext: omni.kit.asset_converter-6.0.1] startup
[1.964s] [ext: omni.usd.schema.flow-110.0.0] startup
[1.964s] [ext: omni.usd.schema.mujoco-1.1.1] startup
[1.965s] [ext: omni.usd.schema.newton-1.2.1] startup
[1.965s] [ext: omni.usd.schema.omni_lens_distortion-1.0.0] startup
[1.966s] [ext: omni.usd.schema.omni_projectors-1.0.0] startup
[1.966s] [ext: omni.usd.schema.omni_sensors-0.0.0] startup
[1.971s] [ext: omni.usd.schema.omniscripting-1.0.1] startup
[1.974s] [ext: omni.usd.schema.physical_lighting-0.1.0] startup
[1.976s] [ext: omni.usd.schema.physx-110.1.13] startup
[1.999s] [ext: omni.usd.schema.render_settings.rtx-1.0.2] startup
[2.002s] [ext: omni.usd.schema.usd_particle_field-1.0.0] startup
[2.002s] [ext: isaacsim.core.version-2.1.1] startup
[2.002s] [ext: omni.kit.menu.core-1.2.0] startup
[2.003s] [ext: omni.kit.menu.utils-2.2.4] startup
[2.008s] [ext: isaacsim.app.about-2.3.1] startup
[2.012s] [ext: isaacsim.asset.transformer-1.2.5] startup
[2.014s] [ext: omni.scene.optimizer.core-110.1.0] startup
[2.052s] [ext: isaacsim.asset.importer.utils-1.8.1] startup
[2.054s] [ext: omni.convexdecomposition-110.1.13] startup
[2.056s] [ext: omni.physics-110.1.13] startup
[2.059s] [ext: omni.physx.gpu-110.1.13] startup
[2.059s] [ext: omni.physx.foundation-110.1.13] startup
[2.060s] [ext: omni.usdphysics-110.1.13] startup
[2.062s] [ext: omni.physx.cooking-110.1.13] startup
[2.064s] [ext: omni.physx-110.1.13] startup
[2.072s] [ext: omni.physics.physx-110.1.13] startup
[2.074s] [ext: isaacsim.asset.exporter.urdf-2.0.5] startup
[2.080s] [ext: omni.kit.clipboard-1.1.1] startup
[2.081s] [ext: omni.kit.usd.layers-2.6.1] startup
[2.087s] [ext: omni.kit.widget.context_menu-1.4.0] startup
[2.089s] [ext: omni.kit.context_menu-1.9.0] startup
[2.090s] [ext: omni.kit.helper.file_utils-0.1.10] startup
[2.091s] [ext: omni.kit.widget.nucleus_info-2.0.2] startup
[2.091s] [ext: omni.kit.search_core-1.0.8] startup
[2.092s] [ext: omni.kit.widget.path_field-2.0.13] startup
[2.092s] [ext: omni.kit.widget.browser_bar-2.0.10] startup
[2.093s] [ext: omni.kit.widget.filebrowser-2.13.4] startup
[2.096s] [ext: omni.kit.widget.options_menu-1.1.6] startup
[2.098s] [ext: omni.kit.widget.options_button-1.0.3] startup
[2.098s] [ext: omni.kit.widget.search_delegate-1.0.9] startup
[2.099s] [ext: omni.ui.scene-2.0.3] startup
[2.103s] [ext: omni.kit.window.filepicker-2.15.5] startup
[2.113s] [ext: omni.kit.window.file_importer-1.1.21] startup
[2.115s] [ext: omni.kit.material.library-3.1.2] startup
[2.119s] [ext: isaacsim.asset.transformer.rules-1.7.10] startup
[2.126s] [ext: omni.usdex.libs-2.2.2] startup
[2.133s] [ext: isaacsim.asset.importer.mjcf-3.10.1] startup
[2.135s] [ext: isaacsim.asset.importer.urdf-3.11.2] startup
[2.137s] [ext: omni.kit.primitive.mesh-1.1.0] startup
[2.139s] [ext: omni.kit.stage_template.core-1.1.22] startup
[2.140s] [ext: omni.kit.stage_templates-2.0.2] startup
[2.141s] [ext: omni.usd.metrics.assembler-110.1.2] startup
[2.144s] [ext: omni.warp.core-1.13.0] startup
[2.271s] [ext: isaacsim.core.experimental.utils-0.17.2] startup
[2.272s] [ext: omni.physics.stageupdate-110.1.13] startup
[2.274s] [ext: omni.physics.tensors-110.1.13] startup
[2.278s] [ext: omni.physx.tensors-110.1.13] startup
[2.282s] [ext: isaacsim.core.simulation_manager-1.15.6] startup
[2.292s] [ext: isaacsim.storage.native-1.9.3] startup
[2.293s] [ext: omni.usd.metrics.assembler.physics-110.1.13] startup
[2.294s] [ext: isaacsim.core.utils-4.1.7] startup
[2.296s] [ext: isaacsim.core.prims-0.11.7] startup
[3.273s] [ext: isaacsim.core.api-5.2.13] startup
[3.279s] [ext: isaacsim.core.cloner-1.7.3] startup
[3.280s] [ext: isaacsim.test.docstring-1.3.2] startup
[3.284s] [ext: isaacsim.core.experimental.prims-1.8.9] startup
[3.302s] [ext: isaacsim.core.experimental.primdata-0.3.2] startup
[3.304s] [ext: omni.graph.tools-1.81.0] startup
[3.320s] [ext: omni.graph-1.142.5] startup
[3.349s] [ext: isaacsim.core.experimental.actuators-0.1.2] startup
[3.362s] [ext: isaacsim.core.experimental.materials-0.7.1] startup
[3.364s] [ext: isaacsim.core.experimental.objects-0.8.1] startup
[3.412s] [ext: omni.hydra.engine.stats-1.0.5] startup
[3.414s] [ext: omni.hydra.rtx.shadercache.vulkan-1.0.0] startup
[3.415s] [ext: omni.index.libs-387500.4413.0] startup
[3.415s] [ext: omni.index-1.0.1] startup
[3.415s] [ext: omni.ujitso.client-0.0.0] startup
[3.416s] [ext: omni.usd.schema.playback-1.0.0] startup
[3.419s] [ext: omni.volume-0.5.2] startup
[3.423s] [ext: omni.hydra.rtx-1.0.4] startup
2026-09-16T13:34:01Z [3,413ms] [Warning] [omni.log] Source: omni.hydra was already registered.
[3.458s] [ext: omni.kit.hydra_texture-1.6.0] startup
[3.462s] [ext: omni.kit.raycast.query-1.2.0] startup
[3.466s] [ext: omni.kit.viewport.legacy_gizmos-1.0.24] startup
[3.468s] [ext: omni.kit.viewport.registry-104.0.6] startup
[3.468s] [ext: omni.kit.viewport.scene_camera_model-1.0.7] startup
[3.472s] [ext: omni.kit.widget.viewport-109.2.0] startup
[3.475s] [ext: omni.kit.window.drop_support-1.0.8] startup
[3.476s] [ext: omni.kit.viewport.window-109.0.2] startup
[3.490s] [ext: omni.kit.viewport.utility-2.0.1] startup
[3.491s] [ext: isaacsim.core.rendering_manager-0.4.3] startup
[3.505s] [ext: omni.graph.action_core-1.1.9] startup
[3.507s] [ext: omni.graph.action_nodes_core-2.11.0] startup
[3.510s] [ext: omni.graph.action_nodes-2.11.0] startup
[3.529s] [ext: omni.graph.action-2.10.2] startup
[3.531s] [ext: omni.graph.image.core-0.6.1] startup
[3.532s] [ext: omni.graph.image.nodes-1.3.1] startup
[3.533s] [ext: omni.graph.nodes_core-2.11.0] startup
[3.539s] [ext: omni.graph.nodes-2.12.0] startup
[3.544s] [ext: omni.kit.hotkeys.core-1.3.12] startup
[3.545s] [ext: omni.kit.property.adapter.core-1.1.1] startup
[3.561s] [ext: omni.kit.property.adapter.usd-1.0.5] startup
[3.563s] [ext: omni.kit.widget.filter-1.1.5] startup
[3.563s] [ext: omni.kit.widget.highlight_label-1.0.3] startup
[3.564s] [ext: omni.kit.widget.searchfield-1.1.8] startup
[3.565s] [ext: omni.kit.window.file_exporter-1.0.36] startup
[3.566s] [ext: omni.kit.widget.stage-4.4.0] startup
[3.572s] [ext: omni.kit.window.content_browser_registry-0.0.6] startup
[3.573s] [ext: omni.kit.window.file-2.0.10] startup
[3.575s] [ext: omni.kit.window.content_browser-3.1.8] startup
[3.584s] [ext: omni.kit.window.property-1.15.1] startup
[3.593s] [ext: omni.kit.property.usd-4.9.4] startup
[3.601s] [ext: omni.graph.scriptnode-2.10.2] startup
[3.609s] [ext: omni.kit.widget.searchable_combobox-1.0.7] startup
[3.609s] [ext: omni.kit.widget.settings-2.0.0] startup
[3.611s] [ext: omni.kit.window.preferences-1.8.3] startup
[3.615s] [ext: omni.kit.viewport.menubar.core-107.2.2] startup
[3.624s] [ext: omni.syntheticdata-0.6.15] startup
[3.647s] [ext: omni.replicator.nv-1.1.1] startup
[3.652s] [ext: omni.videoencoding-0.2.1] startup
[3.654s] [ext: omni.replicator.core-1.13.27] startup
2026-09-16T13:34:01Z [3,639ms] [Warning] [pxr.Semantics] pxr.Semantics is deprecated - please use Semantics instead
2026-09-16T13:34:01Z [3,705ms] [Warning] [omni.replicator.core.scripts.extension] No material configuration file, adding configuration to material settings directly.
[3.840s] [ext: isaacsim.core.nodes-5.10.5] startup
[3.867s] [ext: isaacsim.core.throttling-2.3.5] startup
[3.868s] [ext: omni.kit.manipulator.viewport-107.0.1] startup
[3.869s] [ext: omni.graph.visualization.nodes-2.1.4] startup
[3.882s] [ext: omni.kit.window.extensions-1.5.10] startup
[3.887s] [ext: isaacsim.gui.components-1.8.5] startup
[3.891s] [ext: isaacsim.robot.surface_gripper-3.6.2] startup
[3.901s] [ext: isaacsim.robot.manipulators-3.4.4] startup
[3.910s] [ext: isaacsim.robot_motion.lula-4.1.3] startup
[3.916s] [ext: isaacsim.robot_motion.motion_generation-8.2.9] startup
[3.922s] [ext: isaacsim.cortex.framework-1.0.18] startup
[3.923s] [ext: isaacsim.cortex.behaviors-2.0.17] startup
[3.924s] [ext: isaacsim.examples.base-1.3.2] startup
[3.926s] [ext: omni.kit.widget.zoombar-1.0.7] startup
[3.926s] [ext: omni.kit.browser.core-2.3.18] startup
[3.929s] [ext: omni.kit.browser.folder.core-2.0.2] startup
[3.933s] [ext: omni.kit.widget.stage_icons-1.0.8] startup
[3.934s] [ext: omni.kit.window.stage-2.6.1] startup
[3.936s] [ext: omni.kit.menu.stage-1.2.7] startup
[3.938s] [ext: omni.kit.usd.collect-3.0.6] startup
[3.940s] [ext: omni.kit.widget.prompt-1.0.7] startup
[3.941s] [ext: omni.kit.tool.collect-2.2.19] startup
[3.942s] [ext: isaacsim.examples.browser-0.3.2] startup
[3.944s] [ext: omni.kit.search.files-1.0.4] startup
[3.945s] [ext: omni.kit.widget.calendar-1.0.9] startup
[3.946s] [ext: omni.kit.widget.extended_searchfield-1.0.31] startup
[3.953s] [ext: omni.simready.content.browser-0.3.7] startup
[4.028s] [ext: isaacsim.gui.content_browser-0.4.3] startup
[4.030s] [ext: omni.kit.selection-0.1.6] startup
[4.031s] [ext: isaacsim.gui.menu-2.10.5] startup
[4.038s] [ext: isaacsim.gui.property-1.6.4] startup
[4.043s] [ext: omni.kit.viewport.actions-110.0.0] startup
[4.046s] [ext: omni.kit.viewport.menubar.display-107.1.3] startup
[4.048s] [ext: isaacsim.gui.sensors.icon-2.2.1] startup
[4.050s] [ext: omni.behavior.scripting.core-110.1.0] startup
[4.052s] [ext: isaacsim.replicator.behavior-1.5.4] startup
[4.053s] [ext: isaacsim.replicator.experimental.domain_randomization-1.2.5] startup
[4.066s] [ext: isaacsim.replicator.domain_randomization-1.2.2] startup
[4.129s] [ext: isaacsim.replicator.writers-1.5.4] startup
[4.149s] [ext: isaacsim.robot.experimental.wheeled_robots-0.2.11] startup
[4.167s] [ext: isaacsim.robot.policy.examples-5.2.12] startup
[4.183s] [ext: isaacsim.robot.wheeled_robots-5.2.4] startup
[4.186s] [ext: isaacsim.robot.wheeled_robots.nodes-0.1.5] startup
[4.205s] [ext: isaacsim.robot_motion.experimental.motion_generation-6.1.3] startup
[4.214s] [ext: isaacsim.robot_motion.cumotion-1.3.1] startup
[4.226s] [ext: omni.kit.numpy.common-0.1.3] startup
[4.227s] [ext: isaacsim.sensors.camera-1.7.9] startup
[4.251s] [ext: isaacsim.sensors.experimental.physics-3.0.2] startup
[4.258s] [ext: omni.sensors.net-1.0.1] startup
[4.261s] [ext: omni.sensors.nv.common-3.0.0] startup
[4.275s] [ext: omni.sensors.nv.materials-2.0.0] startup
[4.279s] [ext: omni.sensors.nv.acoustic-3.0.0] startup
[4.282s] [ext: omni.sensors.nv.ids-2.0.1] startup
[4.284s] [ext: omni.sensors.nv.lidar-3.0.0] startup
[4.288s] [ext: omni.sensors.nv.radar-3.0.0] startup
[4.292s] [ext: isaacsim.sensors.experimental.rtx-1.4.6] startup
[4.464s] [ext: isaacsim.sensors.physics.nodes-1.5.3] startup
[4.470s] [ext: isaacsim.util.debug_draw-3.2.3] startup
[4.476s] [ext: isaacsim.sensors.physx-2.5.5] startup
[4.483s] [ext: isaacsim.sensors.rtx-15.17.1] startup
[4.493s] [ext: isaacsim.simulation_app-2.18.4] startup
[4.493s] [ext: omni.anim.curve.core-1.6.0] startup
[4.502s] [ext: omni.graph.ui_nodes-2.11.1] startup
[4.525s] [ext: omni.hydra.scene_api-0.1.3] startup
[4.529s] [ext: omni.kit.manipulator.camera-110.0.0] startup
[4.533s] [ext: omni.kit.manipulator.selector-1.1.4] startup
[4.534s] [ext: omni.kit.manipulator.transform-107.0.0] startup
[4.537s] [ext: omni.kit.widget.toolbar-2.1.0] startup
[4.542s] [ext: omni.kit.manipulator.tool.snap-1.5.14] startup
[4.546s] [ext: omni.kit.viewport.manipulator.transform-107.0.4] startup
[4.548s] [ext: omni.kit.manipulator.prim.core-108.0.2] startup
[4.553s] [ext: omni.kit.manipulator.prim.usd-107.0.3] startup
[4.554s] [ext: omni.kit.manipulator.prim-108.0.0] startup
[4.554s] [ext: omni.kit.manipulator.selection-109.0.1] startup
[4.555s] [ext: omni.kit.menu.create-2.0.2] startup
[4.557s] [ext: omni.kit.property.audio-1.0.16] startup
[4.560s] [ext: omni.kit.property.camera-1.0.14] startup
[4.561s] [ext: omni.kit.property.geometry-2.1.2] startup
[4.564s] [ext: omni.kit.property.light-1.0.14] startup
2026-09-16T13:34:02Z [4,561ms] [Warning] [omni.usd] Encountered USD Warnings but USD Diagnostics are currently muted. To view USD Warnings, please set the '/persistent/app/usd/muteUsdDiagnostics' setting to false in Preferences page.
[4.593s] [ext: omni.kit.property.material-1.14.6] startup
[4.597s] [ext: omni.kit.property.render-1.2.2] startup
[4.599s] [ext: omni.kit.property.transform-1.6.9] startup
[4.601s] [ext: omni.kit.property.bundle-1.5.1] startup
[4.603s] [ext: omni.kit.usdz_export-1.1.0] startup
[4.605s] [ext: omni.kit.tool.asset_importer-6.0.1] startup
[4.611s] [ext: omni.kit.ui.actions-1.0.5] startup
[4.612s] [ext: omni.kit.viewport.menubar.camera-107.0.10] startup
[4.616s] [ext: omni.kit.viewport.menubar.lighting-107.3.2] startup
[4.618s] [ext: omni.kit.viewport.menubar.render-110.0.0] startup
[4.620s] [ext: omni.kit.viewport.menubar.settings-110.0.1] startup
[4.623s] [ext: omni.kit.window.console-1.1.9] startup
[4.627s] [ext: omni.kit.window.status_bar-0.1.11] startup
[4.629s] [ext: omni.kit.window.toolbar-3.0.3] startup
[4.632s] [ext: omni.ocio-0.1.1] startup
[4.633s] [ext: omni.physx.commands-110.1.13] startup
[4.636s] [ext: omni.replicator.replicator_yaml-2.0.12] startup
[4.645s] [ext: omni.rtx.window.settings-0.8.0] startup
[4.650s] [ext: omni.rtx.settings.core-0.7.1] startup
[4.654s] [ext: omni.usd.metrics.assembler.ui-110.1.1] startup
[4.662s] [ext: semantics.schema.editor-2.0.2] startup
[4.665s] [ext: semantics.schema.property-2.0.2] startup
[4.667s] [ext: omni.kit.menu.common-2.0.2] startup
[4.668s] [ext: isaacsim.exp.base-6.0.1] startup
[4.668s] [ext: isaacsim.exp.base.python-6.0.1] startup
[4.671s] Simulation App Starting
[6.118s] Simulation App Startup Complete
[6.125s] app ready
Starting kit application with the following args:  ['/mnt/HDD4/wyattsheu/IsaacLab/.venv/lib/python3.12/site-packages/isaacsim/exts/isaacsim.simulation_app/isaacsim/simulation_app/simulation_app.py', '/mnt/HDD4/wyattsheu/IsaacLab/.venv/lib/python3.12/site-packages/isaacsim/apps/isaacsim.exp.base.python.kit', '--/app/tokens/exe-path=/mnt/HDD4/wyattsheu/IsaacLab/.venv/lib/python3.12/site-packages/isaacsim/kit', '--/persistent/app/viewport/displayOptions=3094', '--/rtx/materialDb/syncLoads=True', '--/rtx/hydra/materialSyncLoads=True', '--/omni/kit/plugin/syncUsdLoads=True', '--/app/renderer/resolution/width=1280', '--/app/renderer/resolution/height=720', '--/app/window/width=1440', '--/app/window/height=900', '--/renderer/multiGpu/enabled=True', '--/app/fastShutdown=True', '--/app/installSignalHandlers=0', '--ext-folder', '/mnt/HDD4/wyattsheu/IsaacLab/.venv/lib/python3.12/site-packages/isaacsim/exts', '--ext-folder', '/mnt/HDD4/wyattsheu/IsaacLab/.venv/lib/python3.12/site-packages/isaacsim/apps', '--/physics/cudaDevice=0', '--/plugins/carb.tasking.plugin/threadCount=32', '--/plugins/omni.tbb.globalcontrol/maxThreadCount=32', '--portable', '--no-window', '--/app/window/hideUi=1']
Passing the following args to the base kit application:  ['--out', '/mnt/HDD4/wyattsheu/ITRI/parcel-forge/runs/20260916T133357Z_s2_open_box_normal', '--case', '/mnt/HDD4/wyattsheu/ITRI/parcel-forge/runs/20260916T133357Z_s2_open_box_normal/request.json', '--profile', '/mnt/HDD4/wyattsheu/ITRI/parcel-forge/runs/20260916T133357Z_s2_open_box_normal/profile.json']
Warp 1.13.0 initialized:
   CUDA Toolkit 12.9, Driver 13.0
   Devices:
     "cpu"      : "x86_64"
     "cuda:0"   : "NVIDIA RTX PRO 6000 Blackwell Max-Q Workstation Edition" (95 GiB, sm_120, mempool enabled)
   Kernel cache:
     /mnt/HDD4/wyattsheu/.cache/warp/1.13.0
[S2] pass       S2.plate_dimensions_match_spec: largest world-size error 0.00000001 m on bottom (tolerance 0.0001 m), read back through the composed transform
[S2] pass       S2.plate_count: 5 colliders authored, spec says 5
[S2] pass       S2.no_rigid_body_on_fixed_box: the S2 box is static: no RigidBodyAPI on the root, five separate box colliders instead of one convex hull
[S2] pass       S2.no_nan: all probe samples finite
[S2] pass       S2.finite_steps: executed 900/900 steps, ended at t=3.7750s
[S2] pass       S2.outcome_matches_expectation: expected 'inside', observed 'inside'. probe rests on the interior floor at box-local z=0.02500 m (expected 0.02500 m) and inside the cavity footprint
[S2] pass       S2.render_png_not_blank: interior_top=416071 B mean_r=213.333; side_low=121903 B mean_r=221.3171
[S2] not_tested S2.webrtc_human_view: livestream never enabled; only a human can confirm a WebRTC view
[S2] case=open_box_normal expected=inside observed=inside verdict=pass
[6.373s] [ext: omni.physx.fabric-110.1.13] startup
2026-09-16T13:34:04Z [6,447ms] [Warning] [isaacsim.core.simulation_manager.impl.simulation_manager] Changing backend from 'numpy' to 'torch' since NumPy cannot be used with GPU piplines
2026-09-16T13:34:06Z [8,705ms] [Warning] [omni.syntheticdata.plugin] OgnSdPostRenderVarToHost : rendervar copy from texture directly to host buffer is counter-performant. Please use copy from texture to device buffer first.
2026-09-16T13:34:08Z [10,761ms] [Warning] [rtx.scenedb.plugin] [InstanceTransformStorage] The amount of world update transforms WorldUpdateStorageWindow 50 needed to cover is larger than max allowed storage MaxHistoryTransformCount 8.            Motions may be wrong for long exposure sensors/cameras. Consider allow a larger storage for transforms through --/rtx/scenedb/maxHistoryTransformCount=50
[11.751s] Simulation App Shutting Down
